Component: ARM Compiler 5.06 update 4 (build 422) Tool: armlink [4d35d2]

==============================================================================

Section Cross References

    startup_stm32f10x_hd.o(RESET) refers to startup_stm32f10x_hd.o(STACK) for __initial_sp
    startup_stm32f10x_hd.o(RESET) refers to startup_stm32f10x_hd.o(.text) for Reset_Handler
    startup_stm32f10x_hd.o(RESET) refers to stm32f10x_it.o(i.NMI_Handler) for NMI_Handler
    startup_stm32f10x_hd.o(RESET) refers to stm32f10x_it.o(i.HardFault_Handler) for HardFault_Handler
    startup_stm32f10x_hd.o(RESET) refers to stm32f10x_it.o(i.MemManage_Handler) for MemManage_Handler
    startup_stm32f10x_hd.o(RESET) refers to stm32f10x_it.o(i.BusFault_Handler) for BusFault_Handler
    startup_stm32f10x_hd.o(RESET) refers to stm32f10x_it.o(i.UsageFault_Handler) for UsageFault_Handler
    startup_stm32f10x_hd.o(RESET) refers to stm32f10x_it.o(i.SVC_Handler) for SVC_Handler
    startup_stm32f10x_hd.o(RESET) refers to stm32f10x_it.o(i.DebugMon_Handler) for DebugMon_Handler
    startup_stm32f10x_hd.o(RESET) refers to stm32f10x_it.o(i.PendSV_Handler) for PendSV_Handler
    startup_stm32f10x_hd.o(RESET) refers to bsp_usart1.o(i.DMA1_Channel4_IRQHandler) for DMA1_Channel4_IRQHandler
    startup_stm32f10x_hd.o(RESET) refers to bsp_usart2.o(i.DMA1_Channel7_IRQHandler) for DMA1_Channel7_IRQHandler
    startup_stm32f10x_hd.o(RESET) refers to stm32f10x_it.o(i.USB_HP_CAN1_TX_IRQHandler) for USB_HP_CAN1_TX_IRQHandler
    startup_stm32f10x_hd.o(RESET) refers to stm32f10x_it.o(i.USB_LP_CAN1_RX0_IRQHandler) for USB_LP_CAN1_RX0_IRQHandler
    startup_stm32f10x_hd.o(RESET) refers to stm32f10x_it.o(i.TIM2_IRQHandler) for TIM2_IRQHandler
    startup_stm32f10x_hd.o(RESET) refers to bsp_usart1.o(i.USART1_IRQHandler) for USART1_IRQHandler
    startup_stm32f10x_hd.o(RESET) refers to bsp_usart2.o(i.USART2_IRQHandler) for USART2_IRQHandler
    startup_stm32f10x_hd.o(RESET) refers to stm32f10x_it.o(i.SDIO_IRQHandler) for SDIO_IRQHandler
    startup_stm32f10x_hd.o(.text) refers to system_stm32f10x.o(i.SystemInit) for SystemInit
    startup_stm32f10x_hd.o(.text) refers to entry.o(.ARM.Collect$$$$00000000) for __main
    system_stm32f10x.o(i.SetSysClock) refers to system_stm32f10x.o(i.SetSysClockTo72) for SetSysClockTo72
    system_stm32f10x.o(i.SystemCoreClockUpdate) refers to system_stm32f10x.o(.data) for SystemCoreClock
    system_stm32f10x.o(i.SystemInit) refers to system_stm32f10x.o(i.SetSysClock) for SetSysClock
    stm32f10x_adc.o(i.ADC_DeInit) refers to stm32f10x_rcc.o(i.RCC_APB2PeriphResetCmd) for RCC_APB2PeriphResetCmd
    stm32f10x_bkp.o(i.BKP_DeInit) refers to stm32f10x_rcc.o(i.RCC_BackupResetCmd) for RCC_BackupResetCmd
    stm32f10x_can.o(i.CAN_DeInit) refers to stm32f10x_rcc.o(i.RCC_APB1PeriphResetCmd) for RCC_APB1PeriphResetCmd
    stm32f10x_can.o(i.CAN_GetITStatus) refers to stm32f10x_can.o(i.CheckITStatus) for CheckITStatus
    stm32f10x_cec.o(i.CEC_DeInit) refers to stm32f10x_rcc.o(i.RCC_APB1PeriphResetCmd) for RCC_APB1PeriphResetCmd
    stm32f10x_dac.o(i.DAC_DeInit) refers to stm32f10x_rcc.o(i.RCC_APB1PeriphResetCmd) for RCC_APB1PeriphResetCmd
    stm32f10x_flash.o(i.FLASH_EnableWriteProtection) refers to stm32f10x_flash.o(i.FLASH_WaitForLastOperation) for FLASH_WaitForLastOperation
    stm32f10x_flash.o(i.FLASH_EraseAllBank1Pages) refers to stm32f10x_flash.o(i.FLASH_WaitForLastBank1Operation) for FLASH_WaitForLastBank1Operation
    stm32f10x_flash.o(i.FLASH_EraseAllPages) refers to stm32f10x_flash.o(i.FLASH_WaitForLastOperation) for FLASH_WaitForLastOperation
    stm32f10x_flash.o(i.FLASH_EraseOptionBytes) refers to stm32f10x_flash.o(i.FLASH_GetReadOutProtectionStatus) for FLASH_GetReadOutProtectionStatus
    stm32f10x_flash.o(i.FLASH_EraseOptionBytes) refers to stm32f10x_flash.o(i.FLASH_WaitForLastOperation) for FLASH_WaitForLastOperation
    stm32f10x_flash.o(i.FLASH_ErasePage) refers to stm32f10x_flash.o(i.FLASH_WaitForLastOperation) for FLASH_WaitForLastOperation
    stm32f10x_flash.o(i.FLASH_ProgramHalfWord) refers to stm32f10x_flash.o(i.FLASH_WaitForLastOperation) for FLASH_WaitForLastOperation
    stm32f10x_flash.o(i.FLASH_ProgramOptionByteData) refers to stm32f10x_flash.o(i.FLASH_WaitForLastOperation) for FLASH_WaitForLastOperation
    stm32f10x_flash.o(i.FLASH_ProgramWord) refers to stm32f10x_flash.o(i.FLASH_WaitForLastOperation) for FLASH_WaitForLastOperation
    stm32f10x_flash.o(i.FLASH_ReadOutProtection) refers to stm32f10x_flash.o(i.FLASH_WaitForLastOperation) for FLASH_WaitForLastOperation
    stm32f10x_flash.o(i.FLASH_UserOptionByteConfig) refers to stm32f10x_flash.o(i.FLASH_WaitForLastOperation) for FLASH_WaitForLastOperation
    stm32f10x_flash.o(i.FLASH_WaitForLastBank1Operation) refers to stm32f10x_flash.o(i.FLASH_GetBank1Status) for FLASH_GetBank1Status
    stm32f10x_flash.o(i.FLASH_WaitForLastOperation) refers to stm32f10x_flash.o(i.FLASH_GetBank1Status) for FLASH_GetBank1Status
[...]
    Removing stm32f10x_tim.o(i.TIM_ClearFlag), (6 bytes).
    Removing stm32f10x_tim.o(i.TIM_ClearOC1Ref), (18 bytes).
    Removing stm32f10x_tim.o(i.TIM_ClearOC2Ref), (24 bytes).
    Removing stm32f10x_tim.o(i.TIM_ClearOC3Ref), (18 bytes).
    Removing stm32f10x_tim.o(i.TIM_ClearOC4Ref), (24 bytes).
    Removing stm32f10x_tim.o(i.TIM_CounterModeConfig), (18 bytes).
    Removing stm32f10x_tim.o(i.TIM_CtrlPWMOutputs), (30 bytes).
    Removing stm32f10x_tim.o(i.TIM_DMACmd), (18 bytes).
    Removing stm32f10x_tim.o(i.TIM_DMAConfig), (10 bytes).
    Removing stm32f10x_tim.o(i.TIM_DeInit), (488 bytes).
    Removing stm32f10x_tim.o(i.TIM_ETRClockMode1Config), (54 bytes).
    Removing stm32f10x_tim.o(i.TIM_ETRClockMode2Config), (32 bytes).
    Removing stm32f10x_tim.o(i.TIM_ETRConfig), (28 bytes).
    Removing stm32f10x_tim.o(i.TIM_EncoderInterfaceConfig), (66 bytes).
    Removing stm32f10x_tim.o(i.TIM_ForcedOC1Config), (18 bytes).
    Removing stm32f10x_tim.o(i.TIM_ForcedOC2Config), (26 bytes).
    Removing stm32f10x_tim.o(i.TIM_ForcedOC3Config), (18 bytes).
    Removing stm32f10x_tim.o(i.TIM_ForcedOC4Config), (26 bytes).
    Removing stm32f10x_tim.o(i.TIM_GenerateEvent), (4 bytes).
    Removing stm32f10x_tim.o(i.TIM_GetCounter), (6 bytes).
    Removing stm32f10x_tim.o(i.TIM_GetFlagStatus), (18 bytes).
    Removing stm32f10x_tim.o(i.TIM_GetPrescaler), (6 bytes).
    Removing stm32f10x_tim.o(i.TIM_ICInit), (172 bytes).
    Removing stm32f10x_tim.o(i.TIM_ICStructInit), (18 bytes).
    Removing stm32f10x_tim.o(i.TIM_ITRxExternalClockConfig), (24 bytes).
    Removing stm32f10x_tim.o(i.TIM_InternalClockConfig), (12 bytes).
    Removing stm32f10x_tim.o(i.TIM_OC1FastConfig), (18 bytes).
    Removing stm32f10x_tim.o(i.TIM_OC1NPolarityConfig), (18 bytes).
    Removing stm32f10x_tim.o(i.TIM_OC1PolarityConfig), (18 bytes).
    Removing stm32f10x_tim.o(i.TIM_OC2FastConfig), (26 bytes).
    Removing stm32f10x_tim.o(i.TIM_OC2NPolarityConfig), (26 bytes).
    Removing stm32f10x_tim.o(i.TIM_OC2PolarityConfig), (26 bytes).
    Removing stm32f10x_tim.o(i.TIM_OC3FastConfig), (18 bytes).
    Removing stm32f10x_tim.o(i.TIM_OC3NPolarityConfig), (26 bytes).
    Removing stm32f10x_tim.o(i.TIM_OC3PolarityConfig), (26 bytes).
    Removing stm32f10x_tim.o(i.TIM_OC4FastConfig), (26 bytes).
    Removing stm32f10x_tim.o(i.TIM_OC4PolarityConfig), (26 bytes).
    Removing stm32f10x_tim.o(i.TIM_OCStructInit), (20 bytes).
    Removing stm32f10x_tim.o(i.TIM_PWMIConfig), (124 bytes).
    Removing stm32f10x_tim.o(i.TIM_SelectCCDMA), (24 bytes).
    Removing stm32f10x_tim.o(i.TIM_SelectCOM), (24 bytes).
    Removing stm32f10x_tim.o(i.TIM_SelectHallSensor), (24 bytes).
    Removing stm32f10x_tim.o(i.TIM_SelectInputTrigger), (18 bytes).
    Removing stm32f10x_tim.o(i.TIM_SelectMasterSlaveMode), (18 bytes).
    Removing stm32f10x_tim.o(i.TIM_SelectOCxM), (82 bytes).
    Removing stm32f10x_tim.o(i.TIM_SelectOnePulseMode), (18 bytes).
    Removing stm32f10x_tim.o(i.TIM_SelectOutputTrigger), (18 bytes).
    Removing stm32f10x_tim.o(i.TIM_SelectSlaveMode), (18 bytes).
    Removing stm32f10x_tim.o(i.TIM_SetAutoreload), (4 bytes).
    Removing stm32f10x_tim.o(i.TIM_SetClockDivision), (18 bytes).
    Removing stm32f10x_tim.o(i.TIM_SetCounter), (4 bytes).
    Removing stm32f10x_tim.o(i.TIM_SetIC1Prescaler), (18 bytes).
    Removing stm32f10x_tim.o(i.TIM_SetIC2Prescaler), (26 bytes).
    Removing stm32f10x_tim.o(i.TIM_SetIC3Prescaler), (18 bytes).
    Removing stm32f10x_tim.o(i.TIM_SetIC4Prescaler), (26 bytes).
    Removing stm32f10x_tim.o(i.TIM_TIxExternalClockConfig), (62 bytes).
    Removing stm32f10x_tim.o(i.TIM_TimeBaseStructInit), (18 bytes).
    Removing stm32f10x_tim.o(i.TIM_UpdateDisableConfig), (24 bytes).
    Removing stm32f10x_tim.o(i.TIM_UpdateRequestConfig), (24 bytes).
    Removing stm32f10x_usart.o(i.USART_ClearFlag), (18 bytes).
    Removing stm32f10x_usart.o(i.USART_ClockInit), (34 bytes).
    Removing stm32f10x_usart.o(i.USART_ClockStructInit), (12 bytes).
    Removing stm32f10x_usart.o(i.USART_DeInit), (156 bytes).
    Removing stm32f10x_usart.o(i.USART_HalfDuplexCmd), (24 bytes).
    Removing stm32f10x_usart.o(i.USART_IrDACmd), (24 bytes).
    Removing stm32f10x_usart.o(i.USART_IrDAConfig), (18 bytes).
    Removing stm32f10x_usart.o(i.USART_LINBreakDetectLengthConfig), (18 bytes).
    Removing stm32f10x_usart.o(i.USART_LINCmd), (24 bytes).
    Removing stm32f10x_usart.o(i.USART_OneBitMethodCmd), (24 bytes).
    Removing stm32f10x_usart.o(i.USART_OverSampling8Cmd), (22 bytes).
    Removing stm32f10x_usart.o(i.USART_ReceiverWakeUpCmd), (24 bytes).
    Removing stm32f10x_usart.o(i.USART_SendBreak), (10 bytes).
    Removing stm32f10x_usart.o(i.USART_SetAddress), (18 bytes).
    Removing stm32f10x_usart.o(i.USART_SetGuardTime), (16 bytes).
    Removing stm32f10x_usart.o(i.USART_SetPrescaler), (16 bytes).
    Removing stm32f10x_usart.o(i.USART_SmartCardCmd), (24 bytes).
    Removing stm32f10x_usart.o(i.USART_SmartCardNACKCmd), (24 bytes).
    Removing stm32f10x_usart.o(i.USART_StructInit), (24 bytes).
    Removing stm32f10x_usart.o(i.USART_WakeUpConfig), (18 bytes).
    Removing stm32f10x_wwdg.o(i.WWDG_ClearFlag), (12 bytes).
    Removing stm32f10x_wwdg.o(i.WWDG_DeInit), (22 bytes).
    Removing stm32f10x_wwdg.o(i.WWDG_Enable), (16 bytes).
    Removing stm32f10x_wwdg.o(i.WWDG_EnableIT), (12 bytes).
    Removing stm32f10x_wwdg.o(i.WWDG_GetFlagStatus), (12 bytes).
    Removing stm32f10x_wwdg.o(i.WWDG_SetCounter), (16 bytes).
    Removing stm32f10x_wwdg.o(i.WWDG_SetPrescaler), (24 bytes).
    Removing stm32f10x_wwdg.o(i.WWDG_SetWindowValue), (40 bytes).
    Removing main.o(i.GetId), (192 bytes).
    Removing main.o(i.IWDG_Feed), (8 bytes).
    Removing main.o(i.IWDG_Init), (36 bytes).
    Removing bsp_iso_test.o(i.MCU_Sleep), (24 bytes).
    Removing bsp_iso_test.o(i.Soft_Reset), (48 bytes).
    Removing bsp_iso_test.o(i.delay), (30 bytes).
    Removing bsp_usart1.o(i.Delay_MS), (20 bytes).
    Removing bsp_usart1.o(i.LookUSART1_GetBuffMax), (6 bytes).
    Removing bsp_usart1.o(i.USART1GetDCB), (8 bytes).
    Removing bsp_usart1.o(i.USART1_DMASendString), (56 bytes).
    Removing bsp_usart1.o(i.USART1_DMATxd_Init), (128 bytes).
    Removing bsp_usart1.o(i.USART1_GetByte_WaitLong), (30 bytes).
    Removing bsp_usart1.o(i.USART1_GetByte_WaitTime), (50 bytes).
    Removing bsp_usart1.o(i.USART1_SendByte), (32 bytes).
    Removing bsp_usart1.o(i.USART1_SendString), (48 bytes).
    Removing bsp_usart1.o(i.USART1_WaitTime_GetString), (72 bytes).
    Removing bsp_usart2.o(i.Delay_MS), (20 bytes).
    Removing bsp_usart2.o(i.LookUSART2_GetBuffMax), (6 bytes).
    Removing bsp_usart2.o(i.USART2GetDCB), (8 bytes).
    Removing bsp_usart2.o(i.USART2_GetByte_WaitLong), (30 bytes).
    Removing bsp_usart2.o(i.USART2_GetByte_WaitTime), (50 bytes).
    Removing bsp_usart2.o(i.USART2_SendString), (48 bytes).
    Removing bsp_usart2.o(i.USART2_WaitTime_GetString), (72 bytes).
    Removing printf_init.o(i.Get_PrintfPort), (100 bytes).
    Removing printf_init.o(i.Set_PrintfPort), (92 bytes).
    Removing printf_init.o(i._sys_exit), (4 bytes).
    Removing printf_init.o(i.fgetc), (36 bytes).
    Removing bsp_led.o(i.delay), (30 bytes).
    Removing flash.o(i.ClearBlock), (20 bytes).
    Removing flash.o(i.Readflash), (8 bytes).
    Removing flash.o(i.Writeflash), (96 bytes).
    Removing flash.o(.data), (14 bytes).
    Removing sim800l.o(i.CBCDATA), (112 bytes).
    Removing sim800l.o(i.GET_CBC), (36 bytes).
    Removing sim800l.o(i.GPSDATA), (156 bytes).
    Removing sim800l.o(i.GPSINI), (64 bytes).
    Removing sim800l.o(i.GPSTOU2), (308 bytes).
    Removing sim800l.o(i.GPSVLD), (64 bytes).
    Removing sim800l.o(i.GetGPS), (152 bytes).
    Removing sim800l.o(i.GetKeyPWR), (20 bytes).
    Removing sim800l.o(i.PWR_DOWN), (4 bytes).
    Removing sim800l.o(i.SendGPS), (276 bytes).
    Removing sim800l.o(i.TCP_GET), (572 bytes).
    Removing sim800l.o(i.USART2_RD), (176 bytes).
    Removing bsp_key.o(i.GetKey), (20 bytes).
    Removing bsp_key.o(i.GetKey1L), (20 bytes).
    Removing bsp_key.o(i.GetKey1R), (20 bytes).
    Removing bsp_key.o(i.GetKey2L), (20 bytes).
    Removing bsp_key.o(i.GetKey2R), (20 bytes).
    Removing bsp_key.o(i.GetKey3L), (20 bytes).
    Removing bsp_key.o(i.GetKey3R), (20 bytes).
    Removing bsp_key.o(i.GetKey4L), (20 bytes).
    Removing bsp_key.o(i.GetKey4R), (20 bytes).

467 unused section(s) (total 20090 bytes) removed from the image.

==============================================================================

Image Symbol Table

    Local Symbols

    Symbol Name                              Value     Ov Type        Size  Object(Section)

    ../clib/microlib/division.c              0x00000000   Number         0  uidiv.o ABSOLUTE
    ../clib/microlib/division.c              0x00000000   Number         0  uldiv.o ABSOLUTE
    ../clib/microlib/init/entry.s            0x00000000   Number         0  entry8b.o ABSOLUTE
    ../clib/microlib/init/entry.s            0x00000000   Number         0  entry10b.o ABSOLUTE
    ../clib/microlib/init/entry.s            0x00000000   Number         0  entry10a.o ABSOLUTE
    ../clib/microlib/init/entry.s            0x00000000   Number         0  entry9b.o ABSOLUTE
    ../clib/microlib/init/entry.s            0x00000000   Number         0  entry.o ABSOLUTE
    ../clib/microlib/init/entry.s            0x00000000   Number         0  entry9a.o ABSOLUTE
    ../clib/microlib/init/entry.s            0x00000000   Number         0  entry2.o ABSOLUTE
    ../clib/microlib/init/entry.s            0x00000000   Number         0  entry11a.o ABSOLUTE
    ../clib/microlib/init/entry.s            0x00000000   Number         0  entry8a.o ABSOLUTE
    ../clib/microlib/init/entry.s            0x00000000   Number         0  entry5.o ABSOLUTE
    ../clib/microlib/init/entry.s            0x00000000   Number         0  entry7b.o ABSOLUTE
    ../clib/microlib/init/entry.s            0x00000000   Number         0  entry7a.o ABSOLUTE
    ../clib/microlib/init/entry.s            0x00000000   Number         0  entry11b.o ABSOLUTE
    ../clib/microlib/longlong.c              0x00000000   Number         0  llsshr.o ABSOLUTE
    ../clib/microlib/longlong.c              0x00000000   Number         0  llshl.o ABSOLUTE
    ../clib/microlib/longlong.c              0x00000000   Number         0  llushr.o ABSOLUTE
    ../clib/microlib/printf/printf.c         0x00000000   Number         0  printf1.o ABSOLUTE
    ../clib/microlib/printf/printf.c         0x00000000   Number         0  printf7.o ABSOLUTE
    ../clib/microlib/printf/printf.c         0x00000000   Number         0  printf2.o ABSOLUTE
    ../clib/microlib/printf/printf.c         0x00000000   Number         0  printfa.o ABSOLUTE
    ../clib/microlib/printf/printf.c         0x00000000   Number         0  printf3.o ABSOLUTE
    ../clib/microlib/printf/printf.c         0x00000000   Number         0  printf8.o ABSOLUTE
    ../clib/microlib/printf/printf.c         0x00000000   Number         0  printf5.o ABSOLUTE
    ../clib/microlib/printf/printf.c         0x00000000   Number         0  printf6.o ABSOLUTE
    ../clib/microlib/printf/printf.c         0x00000000   Number         0  printf4.o ABSOLUTE
    ../clib/microlib/printf/printf.c         0x00000000   Number         0  printfb.o ABSOLUTE
    ../clib/microlib/printf/printf.c         0x00000000   Number         0  printf0.o ABSOLUTE
    ../clib/microlib/printf/stubs.s          0x00000000   Number         0  stubs.o ABSOLUTE
    ../clib/microlib/string/memcpy.c         0x00000000   Number         0  memcpya.o ABSOLUTE
    ../clib/microlib/string/memcpy.c         0x00000000   Number         0  memcpyb.o ABSOLUTE
    ../clib/microlib/string/strlen.c         0x00000000   Number         0  strlen.o ABSOLUTE
    ../clib/microlib/string/strstr.c         0x00000000   Number         0  strstr.o ABSOLUTE
    ../clib/microlib/stubs.s                 0x00000000   Number         0  useno.o ABSOLUTE
    ../clib/microlib/stubs.s                 0x00000000   Number         0  iusefp.o ABSOLUTE
    ../fplib/microlib/fpadd.c                0x00000000   Number         0  dadd.o ABSOLUTE
    ../fplib/microlib/fpdiv.c                0x00000000   Number         0  ddiv.o ABSOLUTE
    ../fplib/microlib/fpepilogue.c           0x00000000   Number         0  depilogue.o ABSOLUTE
    ../fplib/microlib/fpfix.c                0x00000000   Number         0  dfixul.o ABSOLUTE
    ../fplib/microlib/fpmul.c                0x00000000   Number         0  dmul.o ABSOLUTE
    ..\Libraries\CMSIS\core_cm3.c            0x00000000   Number         0  core_cm3.o ABSOLUTE
    ..\Libraries\CMSIS\startup\startup_stm32f10x_hd.s 0x00000000   Number         0  startup_stm32f10x_hd.o ABSOLUTE
    ..\Libraries\CMSIS\system_stm32f10x.c    0x00000000   Number         0  system_stm32f10x.o ABSOLUTE
    ..\Libraries\FWlib\src\misc.c            0x00000000   Number         0  misc.o ABSOLUTE
    ..\Libraries\FWlib\src\stm32f10x_adc.c   0x00000000   Number         0  stm32f10x_adc.o ABSOLUTE
    ..\Libraries\FWlib\src\stm32f10x_bkp.c   0x00000000   Number         0  stm32f10x_bkp.o ABSOLUTE
    ..\Libraries\FWlib\src\stm32f10x_can.c   0x00000000   Number         0  stm32f10x_can.o ABSOLUTE
    ..\Libraries\FWlib\src\stm32f10x_cec.c   0x00000000   Number         0  stm32f10x_cec.o ABSOLUTE
    ..\Libraries\FWlib\src\stm32f10x_crc.c   0x00000000   Number         0  stm32f10x_crc.o ABSOLUTE
    ..\Libraries\FWlib\src\stm32f10x_dac.c   0x00000000   Number         0  stm32f10x_dac.o ABSOLUTE
    ..\Libraries\FWlib\src\stm32f10x_dbgmcu.c 0x00000000   Number         0  stm32f10x_dbgmcu.o ABSOLUTE
    ..\Libraries\FWlib\src\stm32f10x_dma.c   0x00000000   Number         0  stm32f10x_dma.o ABSOLUTE
    ..\Libraries\FWlib\src\stm32f10x_exti.c  0x00000000   Number         0  stm32f10x_exti.o ABSOLUTE
    ..\Libraries\FWlib\src\stm32f10x_flash.c 0x00000000   Number         0  stm32f10x_flash.o ABSOLUTE
    ..\Libraries\FWlib\src\stm32f10x_fsmc.c  0x00000000   Number         0  stm32f10x_fsmc.o ABSOLUTE
    ..\Libraries\FWlib\src\stm32f10x_gpio.c  0x00000000   Number         0  stm32f10x_gpio.o ABSOLUTE
    ..\Libraries\FWlib\src\stm32f10x_i2c.c   0x00000000   Number         0  stm32f10x_i2c.o ABSOLUTE
    ..\Libraries\FWlib\src\stm32f10x_iwdg.c  0x00000000   Number         0  stm32f10x_iwdg.o ABSOLUTE
    ..\Libraries\FWlib\src\stm32f10x_pwr.c   0x00000000   Number         0  stm32f10x_pwr.o ABSOLUTE
    ..\Libraries\FWlib\src\stm32f10x_rcc.c   0x00000000   Number         0  stm32f10x_rcc.o ABSOLUTE
    ..\Libraries\FWlib\src\stm32f10x_rtc.c   0x00000000   Number         0  stm32f10x_rtc.o ABSOLUTE
    ..\Libraries\FWlib\src\stm32f10x_sdio.c  0x00000000   Number         0  stm32f10x_sdio.o ABSOLUTE
    ..\Libraries\FWlib\src\stm32f10x_spi.c   0x00000000   Number         0  stm32f10x_spi.o ABSOLUTE
    ..\Libraries\FWlib\src\stm32f10x_tim.c   0x00000000   Number         0  stm32f10x_tim.o ABSOLUTE
    ..\Libraries\FWlib\src\stm32f10x_usart.c 0x00000000   Number         0  stm32f10x_usart.o ABSOLUTE
    ..\Libraries\FWlib\src\stm32f10x_wwdg.c  0x00000000   Number         0  stm32f10x_wwdg.o ABSOLUTE
    ..\User\flash\FLASH.c                    0x00000000   Number         0  flash.o ABSOLUTE
    ..\User\iso\bsp_iso_test.c               0x00000000   Number         0  bsp_iso_test.o ABSOLUTE
    ..\User\key\bsp_key.c                    0x00000000   Number         0  bsp_key.o ABSOLUTE
    ..\User\led\bsp_led.c                    0x00000000   Number         0  bsp_led.o ABSOLUTE
    ..\User\main.c                           0x00000000   Number         0  main.o ABSOLUTE
    ..\User\sim800l\SIM800L.C                0x00000000   Number         0  sim800l.o ABSOLUTE
    ..\User\stm32f10x_it.c                   0x00000000   Number         0  stm32f10x_it.o ABSOLUTE
    ..\User\timer\TIMER.c                    0x00000000   Number         0  timer.o ABSOLUTE
    ..\User\usart\bsp_usart1.c               0x00000000   Number         0  bsp_usart1.o ABSOLUTE
    ..\User\usart\bsp_usart2.c               0x00000000   Number         0  bsp_usart2.o ABSOLUTE
    ..\User\usart\printf_init.c              0x00000000   Number         0  printf_init.o ABSOLUTE
    ..\\Libraries\\CMSIS\\core_cm3.c         0x00000000   Number         0  core_cm3.o ABSOLUTE
    cdrcmple.s                               0x00000000   Number         0  cdrcmple.o ABSOLUTE
    dc.s                                     0x00000000   Number         0  dc.o ABSOLUTE
    handlers.s                               0x00000000   Number         0  handlers.o ABSOLUTE
    init.s                                   0x00000000   Number         0  init.o ABSOLUTE
    RESET                                    0x08000000   Section      304  startup_stm32f10x_hd.o(RESET)
    .ARM.Collect$$$$00000000                 0x08000130   Section        0  entry.o(.ARM.Collect$$$$00000000)
    .ARM.Collect$$$$00000001                 0x08000130   Section        4  entry2.o(.ARM.Collect$$$$00000001)
    .ARM.Collect$$$$00000004                 0x08000134   Section        4  entry5.o(.ARM.Collect$$$$00000004)
    .ARM.Collect$$$$00000008                 0x08000138   Section        0  entry7b.o(.ARM.Collect$$$$00000008)
    .ARM.Collect$$$$0000000A                 0x08000138   Section        0  entry8b.o(.ARM.Collect$$$$0000000A)
    .ARM.Collect$$$$0000000B                 0x08000138   Section        8  entry9a.o(.ARM.Collect$$$$0000000B)
    .ARM.Collect$$$$0000000D                 0x08000140   Section        0  entry10a.o(.ARM.Collect$$$$0000000D)
    .ARM.Collect$$$$0000000F                 0x08000140   Section        0  entry11a.o(.ARM.Collect$$$$0000000F)
    .ARM.Collect$$$$00002712                 0x08000140   Section        4  entry2.o(.ARM.Collect$$$$00002712)
    __lit__00000000                          0x08000140   Data           4  entry2.o(.ARM.Collect$$$$00002712)
    .text                                    0x08000144   Section       36  startup_stm32f10x_hd.o(.text)
    .text                                    0x08000168   Section        0  memcpya.o(.text)
    .text                                    0x0800018c   Section        0  strstr.o(.text)
    .text                                    0x080001b0   Section        0  strlen.o(.text)
    .text                                    0x080001be   Section        0  uidiv.o(.text)
    .text                                    0x080001ea   Section        0  uldiv.o(.text)
    .text                                    0x0800024c   Section        0  dadd.o(.text)
    .text                                    0x0800024c   Section        0  iusefp.o(.text)
    .text                                    0x0800039a   Section        0  dmul.o(.text)
    .text                                    0x0800047e   Section        0  ddiv.o(.text)
    .text                                    0x0800055c   Section        0  dfixul.o(.text)
    .text                                    0x0800058c   Section       48  cdrcmple.o(.text)
    .text                                    0x080005bc   Section       36  init.o(.text)
    .text                                    0x080005e0   Section        0  llshl.o(.text)
    .text                                    0x080005fe   Section        0  llushr.o(.text)
    .text                                    0x0800061e   Section        0  llsshr.o(.text)
    .text                                    0x08000642   Section        0  depilogue.o(.text)
    i.BusFault_Handler                       0x080006fc   Section        0  stm32f10x_it.o(i.BusFault_Handler)
    i.Connect_Server                         0x08000714   Section        0  sim800l.o(i.Connect_Server)
    i.Creg_CK                                0x080007a8   Section        0  sim800l.o(i.Creg_CK)
    i.DMA1_Channel4_IRQHandler               0x08000860   Section        0  bsp_usart1.o(i.DMA1_Channel4_IRQHandler)
    i.DMA1_Channel7_IRQHandler               0x08000890   Section        0  bsp_usart2.o(i.DMA1_Channel7_IRQHandler)
    i.DMA_ClearFlag                          0x080008c0   Section        0  stm32f10x_dma.o(i.DMA_ClearFlag)
    i.DMA_Cmd                                0x080008dc   Section        0  stm32f10x_dma.o(i.DMA_Cmd)
    i.DMA_DeInit                             0x080008f4   Section        0  stm32f10x_dma.o(i.DMA_DeInit)
    i.DMA_GetFlagStatus                      0x08000a40   Section        0  stm32f10x_dma.o(i.DMA_GetFlagStatus)
    i.DMA_ITConfig                           0x08000a6c   Section        0  stm32f10x_dma.o(i.DMA_ITConfig)
    i.DMA_Init                               0x08000a7e   Section        0  stm32f10x_dma.o(i.DMA_Init)
    i.DebugMon_Handler                       0x08000aba   Section        0  stm32f10x_it.o(i.DebugMon_Handler)
    i.Delay_MS                               0x08000abc   Section        0  sim800l.o(i.Delay_MS)
    Delay_MS                                 0x08000abd   Thumb Code    20  sim800l.o(i.Delay_MS)
    i.FLASH_PrefetchBufferCmd                0x08000ad0   Section        0  stm32f10x_flash.o(i.FLASH_PrefetchBufferCmd)
    i.FLASH_SetLatency                       0x08000aec   Section        0  stm32f10x_flash.o(i.FLASH_SetLatency)
    i.GPIO_Init                              0x08000b04   Section        0  stm32f10x_gpio.o(i.GPIO_Init)
    i.GPIO_PinRemapConfig                    0x08000c1c   Section        0  stm32f10x_gpio.o(i.GPIO_PinRemapConfig)
    i.GPIO_ReadInputDataBit                  0x08000cac   Section        0  stm32f10x_gpio.o(i.GPIO_ReadInputDataBit)
    i.GPIO_ResetBits                         0x08000cbe   Section        0  stm32f10x_gpio.o(i.GPIO_ResetBits)
    i.GPIO_SetBits                           0x08000cc2   Section        0  stm32f10x_gpio.o(i.GPIO_SetBits)
    i.GetKeySTA                              0x08000cc8   Section        0  sim800l.o(i.GetKeySTA)
    i.Get_Weight                             0x08000cdc   Section        0  main.o(i.Get_Weight)
    i.HardFault_Handler                      0x08000d28   Section        0  stm32f10x_it.o(i.HardFault_Handler)
    i.ISO_Init                               0x08000d44   Section        0  bsp_iso_test.o(i.ISO_Init)
    i.IWDG_ReloadCounter                     0x08000d58   Section        0  stm32f10x_iwdg.o(i.IWDG_ReloadCounter)
    i.Key_Delay                              0x08000d68   Section        0  bsp_key.o(i.Key_Delay)
    Key_Delay                                0x08000d69   Thumb Code    18  bsp_key.o(i.Key_Delay)
    i.Key_GPIO_Config                        0x08000d7c   Section        0  bsp_key.o(i.Key_GPIO_Config)
    i.Key_Scan                               0x08000dbc   Section        0  bsp_key.o(i.Key_Scan)
    i.LED_GPIO_Config                        0x08000df0   Section        0  bsp_led.o(i.LED_GPIO_Config)
    i.LookUSART1_GetBuffCount                0x08000e50   Section        0  bsp_usart1.o(i.LookUSART1_GetBuffCount)
    i.LookUSART2_GetBuffCount                0x08000e5c   Section        0  bsp_usart2.o(i.LookUSART2_GetBuffCount)
    i.MemManage_Handler                      0x08000e68   Section        0  stm32f10x_it.o(i.MemManage_Handler)
    i.NMI_Handler                            0x08000e84   Section        0  stm32f10x_it.o(i.NMI_Handler)
    i.NVIC_Configuration                     0x08000e86   Section        0  timer.o(i.NVIC_Configuration)
    i.NVIC_Init                              0x08000eb0   Section        0  misc.o(i.NVIC_Init)
    i.NVIC_PriorityGroupConfig               0x08000f20   Section        0  misc.o(i.NVIC_PriorityGroupConfig)
    i.PWR_OFF                                0x08000f34   Section        0  sim800l.o(i.PWR_OFF)
    i.PWR_ON                                 0x08000f74   Section        0  sim800l.o(i.PWR_ON)
    i.PendSV_Handler                         0x08000fcc   Section        0  stm32f10x_it.o(i.PendSV_Handler)
    i.RCC_AHBPeriphClockCmd                  0x08000fd0   Section        0  stm32f10x_rcc.o(i.RCC_AHBPeriphClockCmd)
    i.RCC_APB1PeriphClockCmd                 0x08000ff0   Section        0  stm32f10x_rcc.o(i.RCC_APB1PeriphClockCmd)
    i.RCC_APB2PeriphClockCmd                 0x08001010   Section        0  stm32f10x_rcc.o(i.RCC_APB2PeriphClockCmd)
    i.RCC_Configuration                      0x08001030   Section        0  timer.o(i.RCC_Configuration)
    i.RCC_DeInit                             0x080010c4   Section        0  stm32f10x_rcc.o(i.RCC_DeInit)
    i.RCC_GetClocksFreq                      0x08001110   Section        0  stm32f10x_rcc.o(i.RCC_GetClocksFreq)
    i.RCC_GetFlagStatus                      0x080011e4   Section        0  stm32f10x_rcc.o(i.RCC_GetFlagStatus)
    i.RCC_GetSYSCLKSource                    0x08001220   Section        0  stm32f10x_rcc.o(i.RCC_GetSYSCLKSource)
    i.RCC_HCLKConfig                         0x08001230   Section        0  stm32f10x_rcc.o(i.RCC_HCLKConfig)
    i.RCC_HSEConfig                          0x08001248   Section        0  stm32f10x_rcc.o(i.RCC_HSEConfig)
    i.RCC_PCLK1Config                        0x08001294   Section        0  stm32f10x_rcc.o(i.RCC_PCLK1Config)
    i.RCC_PCLK2Config                        0x080012ac   Section        0  stm32f10x_rcc.o(i.RCC_PCLK2Config)
    i.RCC_PLLCmd                             0x080012c4   Section        0  stm32f10x_rcc.o(i.RCC_PLLCmd)
    i.RCC_PLLConfig                          0x080012d0   Section        0  stm32f10x_rcc.o(i.RCC_PLLConfig)
    i.RCC_SYSCLKConfig                       0x080012ec   Section        0  stm32f10x_rcc.o(i.RCC_SYSCLKConfig)
    i.RCC_WaitForHSEStartUp                  0x08001304   Section        0  stm32f10x_rcc.o(i.RCC_WaitForHSEStartUp)
    i.SDIO_IRQHandler                        0x0800133c   Section        0  stm32f10x_it.o(i.SDIO_IRQHandler)
    i.SIM_GPIO_Config                        0x08001340   Section        0  sim800l.o(i.SIM_GPIO_Config)
    i.SIM_RST                                0x080013a4   Section        0  sim800l.o(i.SIM_RST)
    i.SVC_Handler                            0x080013bc   Section        0  stm32f10x_it.o(i.SVC_Handler)
    i.SetSysClock                            0x080013be   Section        0  system_stm32f10x.o(i.SetSysClock)
    SetSysClock                              0x080013bf   Thumb Code     8  system_stm32f10x.o(i.SetSysClock)
    i.SetSysClockTo72                        0x080013c8   Section        0  system_stm32f10x.o(i.SetSysClockTo72)
    SetSysClockTo72                          0x080013c9   Thumb Code   214  system_stm32f10x.o(i.SetSysClockTo72)
    i.Sim_ini                                0x080014a8   Section        0  sim800l.o(i.Sim_ini)
    i.SystemInit                             0x08001698   Section        0  system_stm32f10x.o(i.SystemInit)
    i.TIM2_Configuration                     0x080016f8   Section        0  timer.o(i.TIM2_Configuration)
    i.TIM2_IRQHandler                        0x080017d0   Section        0  stm32f10x_it.o(i.TIM2_IRQHandler)
    i.TIM_ClearITPendingBit                  0x08001920   Section        0  stm32f10x_tim.o(i.TIM_ClearITPendingBit)
    i.TIM_Cmd                                0x08001926   Section        0  stm32f10x_tim.o(i.TIM_Cmd)
    i.TIM_GetCapture1                        0x0800193e   Section        0  stm32f10x_tim.o(i.TIM_GetCapture1)
    i.TIM_GetCapture2                        0x08001944   Section        0  stm32f10x_tim.o(i.TIM_GetCapture2)
    i.TIM_GetCapture3                        0x0800194a   Section        0  stm32f10x_tim.o(i.TIM_GetCapture3)
    i.TIM_GetCapture4                        0x08001950   Section        0  stm32f10x_tim.o(i.TIM_GetCapture4)
    i.TIM_GetITStatus                        0x08001958   Section        0  stm32f10x_tim.o(i.TIM_GetITStatus)
    i.TIM_ITConfig                           0x0800197a   Section        0  stm32f10x_tim.o(i.TIM_ITConfig)
    i.TIM_OC1Init                            0x0800198c   Section        0  stm32f10x_tim.o(i.TIM_OC1Init)
    i.TIM_OC1PreloadConfig                   0x08001a24   Section        0  stm32f10x_tim.o(i.TIM_OC1PreloadConfig)
    i.TIM_OC2Init                            0x08001a38   Section        0  stm32f10x_tim.o(i.TIM_OC2Init)
    i.TIM_OC2PreloadConfig                   0x08001adc   Section        0  stm32f10x_tim.o(i.TIM_OC2PreloadConfig)
    i.TIM_OC3Init                            0x08001af8   Section        0  stm32f10x_tim.o(i.TIM_OC3Init)
    i.TIM_OC3PreloadConfig                   0x08001b98   Section        0  stm32f10x_tim.o(i.TIM_OC3PreloadConfig)
    i.TIM_OC4Init                            0x08001bac   Section        0  stm32f10x_tim.o(i.TIM_OC4Init)
    i.TIM_OC4PreloadConfig                   0x08001c28   Section        0  stm32f10x_tim.o(i.TIM_OC4PreloadConfig)
    i.TIM_PrescalerConfig                    0x08001c42   Section        0  stm32f10x_tim.o(i.TIM_PrescalerConfig)
    i.TIM_SetCompare1                        0x08001c48   Section        0  stm32f10x_tim.o(i.TIM_SetCompare1)
    i.TIM_SetCompare2                        0x08001c4c   Section        0  stm32f10x_tim.o(i.TIM_SetCompare2)
    i.TIM_SetCompare3                        0x08001c50   Section        0  stm32f10x_tim.o(i.TIM_SetCompare3)
    i.TIM_SetCompare4                        0x08001c54   Section        0  stm32f10x_tim.o(i.TIM_SetCompare4)
    i.TIM_TimeBaseInit                       0x08001c5c   Section        0  stm32f10x_tim.o(i.TIM_TimeBaseInit)
    i.USART1_Config                          0x08001d00   Section        0  bsp_usart1.o(i.USART1_Config)
    i.USART1_GPIO_Init                       0x08001d38   Section        0  bsp_usart1.o(i.USART1_GPIO_Init)
    i.USART1_GetByte                         0x08001d7c   Section        0  bsp_usart1.o(i.USART1_GetByte)
    i.USART1_IRQHandler                      0x08001dc0   Section        0  bsp_usart1.o(i.USART1_IRQHandler)
    i.USART1_Init                            0x08001e4c   Section        0  bsp_usart1.o(i.USART1_Init)
    i.USART1_NVIC_Init                       0x08001e88   Section        0  bsp_usart1.o(i.USART1_NVIC_Init)
    i.USART1_RX_Buffer_Clear                 0x08001eb0   Section        0  bsp_usart1.o(i.USART1_RX_Buffer_Clear)
    i.USART1_RX_Buffer_init                  0x08001ec8   Section        0  bsp_usart1.o(i.USART1_RX_Buffer_init)
    i.USART2_Config                          0x08001ef0   Section        0  bsp_usart2.o(i.USART2_Config)
    i.USART2_DMAS                            0x08001f28   Section        0  sim800l.o(i.USART2_DMAS)
    i.USART2_DMASS                           0x08001f40   Section        0  sim800l.o(i.USART2_DMASS)
    i.USART2_DMASendString                   0x08001fdc   Section        0  bsp_usart2.o(i.USART2_DMASendString)
    i.USART2_DMATxd_Init                     0x08002014   Section        0  bsp_usart2.o(i.USART2_DMATxd_Init)
    i.USART2_GPIO_Init                       0x08002094   Section        0  bsp_usart2.o(i.USART2_GPIO_Init)
    i.USART2_GetByte                         0x080020d4   Section        0  bsp_usart2.o(i.USART2_GetByte)
    i.USART2_IRQHandler                      0x08002118   Section        0  bsp_usart2.o(i.USART2_IRQHandler)
    i.USART2_Init                            0x080021a4   Section        0  bsp_usart2.o(i.USART2_Init)
    i.USART2_NVIC_Init                       0x080021e0   Section        0  bsp_usart2.o(i.USART2_NVIC_Init)
    i.USART2_RX_Buffer_Clear                 0x0800220c   Section        0  bsp_usart2.o(i.USART2_RX_Buffer_Clear)
    i.USART2_RX_Buffer_init                  0x08002224   Section        0  bsp_usart2.o(i.USART2_RX_Buffer_init)
    i.USART2_SendByte                        0x0800224c   Section        0  bsp_usart2.o(i.USART2_SendByte)
    i.USART_ClearITPendingBit                0x0800226c   Section        0  stm32f10x_usart.o(i.USART_ClearITPendingBit)
    i.USART_Cmd                              0x0800228a   Section        0  stm32f10x_usart.o(i.USART_Cmd)
    i.USART_DMACmd                           0x080022a2   Section        0  stm32f10x_usart.o(i.USART_DMACmd)
    i.USART_GetFlagStatus                    0x080022b4   Section        0  stm32f10x_usart.o(i.USART_GetFlagStatus)
    i.USART_GetITStatus                      0x080022ce   Section        0  stm32f10x_usart.o(i.USART_GetITStatus)
    i.USART_ITConfig                         0x08002322   Section        0  stm32f10x_usart.o(i.USART_ITConfig)
    i.USART_Init                             0x0800236c   Section        0  stm32f10x_usart.o(i.USART_Init)
    i.USART_ReceiveData                      0x08002444   Section        0  stm32f10x_usart.o(i.USART_ReceiveData)
    i.USART_SendData                         0x0800244e   Section        0  stm32f10x_usart.o(i.USART_SendData)
    i.USB_HP_CAN1_TX_IRQHandler              0x08002456   Section        0  stm32f10x_it.o(i.USB_HP_CAN1_TX_IRQHandler)
    i.USB_LP_CAN1_RX0_IRQHandler             0x08002458   Section        0  stm32f10x_it.o(i.USB_LP_CAN1_RX0_IRQHandler)
    i.Uart1_buffer_Clr                       0x0800245c   Section        0  main.o(i.Uart1_buffer_Clr)
    i.Ub_Clr                                 0x08002474   Section        0  sim800l.o(i.Ub_Clr)
    Ub_Clr                                   0x08002475   Thumb Code    20  sim800l.o(i.Ub_Clr)
    i.UsageFault_Handler                     0x0800248c   Section        0  stm32f10x_it.o(i.UsageFault_Handler)
    i.__0printf                              0x080024a8   Section        0  printfa.o(i.__0printf)
    i.__scatterload_copy                     0x080024c8   Section       14  handlers.o(i.__scatterload_copy)
    i.__scatterload_null                     0x080024d6   Section        2  handlers.o(i.__scatterload_null)
    i.__scatterload_zeroinit                 0x080024d8   Section       14  handlers.o(i.__scatterload_zeroinit)
    i._fp_digits                             0x080024e8   Section        0  printfa.o(i._fp_digits)
    _fp_digits                               0x080024e9   Thumb Code   366  printfa.o(i._fp_digits)
    i._printf_core                           0x0800266c   Section        0  printfa.o(i._printf_core)
    _printf_core                             0x0800266d   Thumb Code  1744  printfa.o(i._printf_core)
    i._printf_post_padding                   0x08002d48   Section        0  printfa.o(i._printf_post_padding)
    _printf_post_padding                     0x08002d49   Thumb Code    36  printfa.o(i._printf_post_padding)
    i._printf_pre_padding                    0x08002d6c   Section        0  printfa.o(i._printf_pre_padding)
    _printf_pre_padding                      0x08002d6d   Thumb Code    46  printfa.o(i._printf_pre_padding)
    i.delay                                  0x08002d9a   Section        0  main.o(i.delay)
    delay                                    0x08002d9b   Thumb Code    30  main.o(i.delay)
    i.fputc                                  0x08002db8   Section        0  printf_init.o(i.fputc)
    i.main                                   0x08002df0   Section        0  main.o(i.main)
    .data                                    0x20000000   Section       20  stm32f10x_rcc.o(.data)
    APBAHBPrescTable                         0x20000000   Data          16  stm32f10x_rcc.o(.data)
    ADCPrescTable                            0x20000010   Data           4  stm32f10x_rcc.o(.data)
    .data                                    0x20000014   Section       88  main.o(.data)
    .data                                    0x2000006c   Section       22  stm32f10x_it.o(.data)
    .data                                    0x20000084   Section       32  bsp_usart1.o(.data)
    USART1_GetChar                           0x20000084   Data           1  bsp_usart1.o(.data)
    .data                                    0x200000a4   Section       32  bsp_usart2.o(.data)
    USART2_GetChar                           0x200000a4   Data           1  bsp_usart2.o(.data)
    .data                                    0x200000c4   Section        8  printf_init.o(.data)
    USARTNow                                 0x200000c4   Data           4  printf_init.o(.data)
    .data                                    0x200000cc   Section        9  timer.o(.data)
    .bss                                     0x200000d8   Section     1323  main.o(.bss)
    .bss                                     0x20000603   Section      512  bsp_usart1.o(.bss)
    USART1RxBuffer                           0x20000603   Data         256  bsp_usart1.o(.bss)
    USART1TxBuffer                           0x20000703   Data         256  bsp_usart1.o(.bss)
    .bss                                     0x20000803   Section      512  bsp_usart2.o(.bss)
    USART2RxBuffer                           0x20000803   Data         256  bsp_usart2.o(.bss)
    USART2TxBuffer                           0x20000903   Data         256  bsp_usart2.o(.bss)
    STACK                                    0x20000a08   Section     1024  startup_stm32f10x_hd.o(STACK)

    Global Symbols

    Symbol Name                              Value     Ov Type        Size  Object(Section)

    BuildAttributes$$THM_ISAv4$P$D$K$B$S$PE$A:L22UL41UL21$X:L11$S22US41US21$IEEE1$IW$USESV6$~STKCKD$USESV7$~SHL$OSPACE$ROPI$EBA8$MICROLIB$REQ8$PRES8$EABIv2 0x00000000   Number         0  anon$$obj.o ABSOLUTE
    __ARM_use_no_argv                        0x00000000   Number         0  main.o ABSOLUTE
    __use_no_errno                           0x00000000   Number         0  useno.o ABSOLUTE
    __use_no_exception_handling              0x00000000   Number         0  useno.o ABSOLUTE
    __use_no_fp                              0x00000000   Number         0  useno.o ABSOLUTE
    __use_no_heap                            0x00000000   Number         0  useno.o ABSOLUTE
    __use_no_heap_region                     0x00000000   Number         0  useno.o ABSOLUTE
    __use_no_semihosting                     0x00000000   Number         0  useno.o ABSOLUTE
    __use_no_semihosting_swi                 0x00000000   Number         0  useno.o ABSOLUTE
    __use_no_signal_handling                 0x00000000   Number         0  useno.o ABSOLUTE
    _printf_a                                0x00000000   Number         0  stubs.o ABSOLUTE
    _printf_c                                0x00000000   Number         0  stubs.o ABSOLUTE
    _printf_charcount                        0x00000000   Number         0  stubs.o ABSOLUTE
    _printf_d                                0x00000000   Number         0  stubs.o ABSOLUTE
    _printf_e                                0x00000000   Number         0  stubs.o ABSOLUTE
    _printf_f                                0x00000000   Number         0  stubs.o ABSOLUTE
    _printf_flags                            0x00000000   Number         0  stubs.o ABSOLUTE
    _printf_fp_dec                           0x00000000   Number         0  stubs.o ABSOLUTE
    _printf_fp_hex                           0x00000000   Number         0  stubs.o ABSOLUTE
    _printf_g                                0x00000000   Number         0  stubs.o ABSOLUTE
    _printf_i                                0x00000000   Number         0  stubs.o ABSOLUTE
    _printf_int_dec                          0x00000000   Number         0  stubs.o ABSOLUTE
    _printf_l                                0x00000000   Number         0  stubs.o ABSOLUTE
    _printf_lc                               0x00000000   Number         0  stubs.o ABSOLUTE
    _printf_ll                               0x00000000   Number         0  stubs.o ABSOLUTE
    _printf_lld                              0x00000000   Number         0  stubs.o ABSOLUTE
    _printf_lli                              0x00000000   Number         0  stubs.o ABSOLUTE
    _printf_llo                              0x00000000   Number         0  stubs.o ABSOLUTE
    _printf_llu                              0x00000000   Number         0  stubs.o ABSOLUTE
    _printf_llx                              0x00000000   Number         0  stubs.o ABSOLUTE
    _printf_longlong_dec                     0x00000000   Number         0  stubs.o ABSOLUTE
    _printf_longlong_hex                     0x00000000   Number         0  stubs.o ABSOLUTE
    _printf_longlong_oct                     0x00000000   Number         0  stubs.o ABSOLUTE
    _printf_ls                               0x00000000   Number         0  stubs.o ABSOLUTE
    _printf_mbtowc                           0x00000000   Number         0  stubs.o ABSOLUTE
    _printf_n                                0x00000000   Number         0  stubs.o ABSOLUTE
    _printf_o                                0x00000000   Number         0  stubs.o ABSOLUTE
    _printf_p                                0x00000000   Number         0  stubs.o ABSOLUTE
    _printf_percent                          0x00000000   Number         0  stubs.o ABSOLUTE
    _printf_pre_padding                      0x00000000   Number         0  stubs.o ABSOLUTE
    _printf_return_value                     0x00000000   Number         0  stubs.o ABSOLUTE
    _printf_s                                0x00000000   Number         0  stubs.o ABSOLUTE
    _printf_sizespec                         0x00000000   Number         0  stubs.o ABSOLUTE
    _printf_str                              0x00000000   Number         0  stubs.o ABSOLUTE
    _printf_truncate_signed                  0x00000000   Number         0  stubs.o ABSOLUTE
    _printf_truncate_unsigned                0x00000000   Number         0  stubs.o ABSOLUTE
    _printf_u                                0x00000000   Number         0  stubs.o ABSOLUTE
    _printf_wc                               0x00000000   Number         0  stubs.o ABSOLUTE
    _printf_wctomb                           0x00000000   Number         0  stubs.o ABSOLUTE
    _printf_widthprec                        0x00000000   Number         0  stubs.o ABSOLUTE
    _printf_x                                0x00000000   Number         0  stubs.o ABSOLUTE
    __cpp_initialize__aeabi_                  - Undefined Weak Reference
    __cxa_finalize                            - Undefined Weak Reference
    __decompress                              - Undefined Weak Reference
    _clock_init                               - Undefined Weak Reference
    _microlib_exit                            - Undefined Weak Reference
    __Vectors_Size                           0x00000130   Number         0  startup_stm32f10x_hd.o ABSOLUTE
    __Vectors                                0x08000000   Data           4  startup_stm32f10x_hd.o(RESET)
    __Vectors_End                            0x08000130   Data           0  startup_stm32f10x_hd.o(RESET)
    __main                                   0x08000131   Thumb Code     0  entry.o(.ARM.Collect$$$$00000000)
    _main_stk                                0x08000131   Thumb Code     0  entry2.o(.ARM.Collect$$$$00000001)
    _main_scatterload                        0x08000135   Thumb Code     0  entry5.o(.ARM.Collect$$$$00000004)
    __main_after_scatterload                 0x08000139   Thumb Code     0  entry5.o(.ARM.Collect$$$$00000004)
    _main_clock                              0x08000139   Thumb Code     0  entry7b.o(.ARM.Collect$$$$00000008)
    _main_cpp_init                           0x08000139   Thumb Code     0  entry8b.o(.ARM.Collect$$$$0000000A)
    _main_init                               0x08000139   Thumb Code     0  entry9a.o(.ARM.Collect$$$$0000000B)
    __rt_final_cpp                           0x08000141   Thumb Code     0  entry10a.o(.ARM.Collect$$$$0000000D)
    __rt_final_exit                          0x08000141   Thumb Code     0  entry11a.o(.ARM.Collect$$$$0000000F)
    Reset_Handler                            0x08000145   Thumb Code     8  startup_stm32f10x_hd.o(.text)
    SysTick_Handler                          0x0800015d   Thumb Code     2  startup_stm32f10x_hd.o(.text)
    ADC1_2_IRQHandler                        0x0800015f   Thumb Code     0  startup_stm32f10x_hd.o(.text)
    ADC3_IRQHandler                          0x0800015f   Thumb Code     0  startup_stm32f10x_hd.o(.text)
    CAN1_RX1_IRQHandler                      0x0800015f   Thumb Code     0  startup_stm32f10x_hd.o(.text)
    CAN1_SCE_IRQHandler                      0x0800015f   Thumb Code     0  startup_stm32f10x_hd.o(.text)
    DMA1_Channel1_IRQHandler                 0x0800015f   Thumb Code     0  startup_stm32f10x_hd.o(.text)
    DMA1_Channel2_IRQHandler                 0x0800015f   Thumb Code     0  startup_stm32f10x_hd.o(.text)
    DMA1_Channel3_IRQHandler                 0x0800015f   Thumb Code     0  startup_stm32f10x_hd.o(.text)
    DMA1_Channel5_IRQHandler                 0x0800015f   Thumb Code     0  startup_stm32f10x_hd.o(.text)
    DMA1_Channel6_IRQHandler                 0x0800015f   Thumb Code     0  startup_stm32f10x_hd.o(.text)
    DMA2_Channel1_IRQHandler                 0x0800015f   Thumb Code     0  startup_stm32f10x_hd.o(.text)
    DMA2_Channel2_IRQHandler                 0x0800015f   Thumb Code     0  startup_stm32f10x_hd.o(.text)
    DMA2_Channel3_IRQHandler                 0x0800015f   Thumb Code     0  startup_stm32f10x_hd.o(.text)
    DMA2_Channel4_5_IRQHandler               0x0800015f   Thumb Code     0  startup_stm32f10x_hd.o(.text)
    EXTI0_IRQHandler                         0x0800015f   Thumb Code     0  startup_stm32f10x_hd.o(.text)
    EXTI15_10_IRQHandler                     0x0800015f   Thumb Code     0  startup_stm32f10x_hd.o(.text)
    EXTI1_IRQHandler                         0x0800015f   Thumb Code     0  startup_stm32f10x_hd.o(.text)
    EXTI2_IRQHandler                         0x0800015f   Thumb Code     0  startup_stm32f10x_hd.o(.text)
    EXTI3_IRQHandler                         0x0800015f   Thumb Code     0  startup_stm32f10x_hd.o(.text)
    EXTI4_IRQHandler                         0x0800015f   Thumb Code     0  startup_stm32f10x_hd.o(.text)
    EXTI9_5_IRQHandler                       0x0800015f   Thumb Code     0  startup_stm32f10x_hd.o(.text)
    FLASH_IRQHandler                         0x0800015f   Thumb Code     0  startup_stm32f10x_hd.o(.text)
    FSMC_IRQHandler                          0x0800015f   Thumb Code     0  startup_stm32f10x_hd.o(.text)
    I2C1_ER_IRQHandler                       0x0800015f   Thumb Code     0  startup_stm32f10x_hd.o(.text)
    I2C1_EV_IRQHandler                       0x0800015f   Thumb Code     0  startup_stm32f10x_hd.o(.text)
    I2C2_ER_IRQHandler                       0x0800015f   Thumb Code     0  startup_stm32f10x_hd.o(.text)
    I2C2_EV_IRQHandler                       0x0800015f   Thumb Code     0  startup_stm32f10x_hd.o(.text)
    PVD_IRQHandler                           0x0800015f   Thumb Code     0  startup_stm32f10x_hd.o(.text)
    RCC_IRQHandler                           0x0800015f   Thumb Code     0  startup_stm32f10x_hd.o(.text)
    RTCAlarm_IRQHandler                      0x0800015f   Thumb Code     0  startup_stm32f10x_hd.o(.text)
    RTC_IRQHandler                           0x0800015f   Thumb Code     0  startup_stm32f10x_hd.o(.text)
    SPI1_IRQHandler                          0x0800015f   Thumb Code     0  startup_stm32f10x_hd.o(.text)
    SPI2_IRQHandler                          0x0800015f   Thumb Code     0  startup_stm32f10x_hd.o(.text)
    SPI3_IRQHandler                          0x0800015f   Thumb Code     0  startup_stm32f10x_hd.o(.text)
    TAMPER_IRQHandler                        0x0800015f   Thumb Code     0  startup_stm32f10x_hd.o(.text)
    TIM1_BRK_IRQHandler                      0x0800015f   Thumb Code     0  startup_stm32f10x_hd.o(.text)
    TIM1_CC_IRQHandler                       0x0800015f   Thumb Code     0  startup_stm32f10x_hd.o(.text)
    TIM1_TRG_COM_IRQHandler                  0x0800015f   Thumb Code     0  startup_stm32f10x_hd.o(.text)
    TIM1_UP_IRQHandler                       0x0800015f   Thumb Code     0  startup_stm32f10x_hd.o(.text)
    TIM3_IRQHandler                          0x0800015f   Thumb Code     0  startup_stm32f10x_hd.o(.text)
    TIM4_IRQHandler                          0x0800015f   Thumb Code     0  startup_stm32f10x_hd.o(.text)
    TIM5_IRQHandler                          0x0800015f   Thumb Code     0  startup_stm32f10x_hd.o(.text)
    TIM6_IRQHandler                          0x0800015f   Thumb Code     0  startup_stm32f10x_hd.o(.text)
    TIM7_IRQHandler                          0x0800015f   Thumb Code     0  startup_stm32f10x_hd.o(.text)
    TIM8_BRK_IRQHandler                      0x0800015f   Thumb Code     0  startup_stm32f10x_hd.o(.text)
    TIM8_CC_IRQHandler                       0x0800015f   Thumb Code     0  startup_stm32f10x_hd.o(.text)
    TIM8_TRG_COM_IRQHandler                  0x0800015f   Thumb Code     0  startup_stm32f10x_hd.o(.text)
    TIM8_UP_IRQHandler                       0x0800015f   Thumb Code     0  startup_stm32f10x_hd.o(.text)
    UART4_IRQHandler                         0x0800015f   Thumb Code     0  startup_stm32f10x_hd.o(.text)
    UART5_IRQHandler                         0x0800015f   Thumb Code     0  startup_stm32f10x_hd.o(.text)
    USART3_IRQHandler                        0x0800015f   Thumb Code     0  startup_stm32f10x_hd.o(.text)
    USBWakeUp_IRQHandler                     0x0800015f   Thumb Code     0  startup_stm32f10x_hd.o(.text)
    WWDG_IRQHandler                          0x0800015f   Thumb Code     0  startup_stm32f10x_hd.o(.text)
    __aeabi_memcpy                           0x08000169   Thumb Code    36  memcpya.o(.text)
    __aeabi_memcpy4                          0x08000169   Thumb Code     0  memcpya.o(.text)
    __aeabi_memcpy8                          0x08000169   Thumb Code     0  memcpya.o(.text)
    strstr                                   0x0800018d   Thumb Code    36  strstr.o(.text)
    strlen                                   0x080001b1   Thumb Code    14  strlen.o(.text)
    __aeabi_uidiv                            0x080001bf   Thumb Code     0  uidiv.o(.text)
    __aeabi_uidivmod                         0x080001bf   Thumb Code    44  uidiv.o(.text)
    __aeabi_uldivmod                         0x080001eb   Thumb Code    98  uldiv.o(.text)
    __I$use$fp                               0x0800024d   Thumb Code     0  iusefp.o(.text)
    __aeabi_dadd                             0x0800024d   Thumb Code   322  dadd.o(.text)
    __aeabi_dsub                             0x0800038f   Thumb Code     6  dadd.o(.text)
    __aeabi_drsub                            0x08000395   Thumb Code     6  dadd.o(.text)
    __aeabi_dmul                             0x0800039b   Thumb Code   228  dmul.o(.text)
    __aeabi_ddiv                             0x0800047f   Thumb Code   222  ddiv.o(.text)
    __aeabi_d2ulz                            0x0800055d   Thumb Code    48  dfixul.o(.text)
    __aeabi_cdrcmple                         0x0800058d   Thumb Code    48  cdrcmple.o(.text)
    __scatterload                            0x080005bd   Thumb Code    28  init.o(.text)
    __scatterload_rt2                        0x080005bd   Thumb Code     0  init.o(.text)
    __aeabi_llsl                             0x080005e1   Thumb Code    30  llshl.o(.text)
    _ll_shift_l                              0x080005e1   Thumb Code     0  llshl.o(.text)
    __aeabi_llsr                             0x080005ff   Thumb Code    32  llushr.o(.text)
    _ll_ushift_r                             0x080005ff   Thumb Code     0  llushr.o(.text)
    __aeabi_lasr                             0x0800061f   Thumb Code    36  llsshr.o(.text)
    _ll_sshift_r                             0x0800061f   Thumb Code     0  llsshr.o(.text)
    _double_round                            0x08000643   Thumb Code    30  depilogue.o(.text)
    _double_epilogue                         0x08000661   Thumb Code   156  depilogue.o(.text)
    BusFault_Handler                         0x080006fd   Thumb Code    10  stm32f10x_it.o(i.BusFault_Handler)
    Connect_Server                           0x08000715   Thumb Code    86  sim800l.o(i.Connect_Server)
    Creg_CK                                  0x080007a9   Thumb Code   106  sim800l.o(i.Creg_CK)
    DMA1_Channel4_IRQHandler                 0x08000861   Thumb Code    40  bsp_usart1.o(i.DMA1_Channel4_IRQHandler)
    DMA1_Channel7_IRQHandler                 0x08000891   Thumb Code    40  bsp_usart2.o(i.DMA1_Channel7_IRQHandler)
    DMA_ClearFlag                            0x080008c1   Thumb Code    18  stm32f10x_dma.o(i.DMA_ClearFlag)
    DMA_Cmd                                  0x080008dd   Thumb Code    24  stm32f10x_dma.o(i.DMA_Cmd)
    DMA_DeInit                               0x080008f5   Thumb Code   324  stm32f10x_dma.o(i.DMA_DeInit)
    DMA_GetFlagStatus                        0x08000a41   Thumb Code    36  stm32f10x_dma.o(i.DMA_GetFlagStatus)
    DMA_ITConfig                             0x08000a6d   Thumb Code    18  stm32f10x_dma.o(i.DMA_ITConfig)
    DMA_Init                                 0x08000a7f   Thumb Code    60  stm32f10x_dma.o(i.DMA_Init)
    DebugMon_Handler                         0x08000abb   Thumb Code     2  stm32f10x_it.o(i.DebugMon_Handler)
    FLASH_PrefetchBufferCmd                  0x08000ad1   Thumb Code    22  stm32f10x_flash.o(i.FLASH_PrefetchBufferCmd)
    FLASH_SetLatency                         0x08000aed   Thumb Code    18  stm32f10x_flash.o(i.FLASH_SetLatency)
    GPIO_Init                                0x08000b05   Thumb Code   278  stm32f10x_gpio.o(i.GPIO_Init)
    GPIO_PinRemapConfig                      0x08000c1d   Thumb Code   138  stm32f10x_gpio.o(i.GPIO_PinRemapConfig)
    GPIO_ReadInputDataBit                    0x08000cad   Thumb Code    18  stm32f10x_gpio.o(i.GPIO_ReadInputDataBit)
    GPIO_ResetBits                           0x08000cbf   Thumb Code     4  stm32f10x_gpio.o(i.GPIO_ResetBits)
    GPIO_SetBits                             0x08000cc3   Thumb Code     4  stm32f10x_gpio.o(i.GPIO_SetBits)
    GetKeySTA                                0x08000cc9   Thumb Code    14  sim800l.o(i.GetKeySTA)
    Get_Weight                               0x08000cdd   Thumb Code    72  main.o(i.Get_Weight)
    HardFault_Handler                        0x08000d29   Thumb Code    10  stm32f10x_it.o(i.HardFault_Handler)
    ISO_Init                                 0x08000d45   Thumb Code    20  bsp_iso_test.o(i.ISO_Init)
    IWDG_ReloadCounter                       0x08000d59   Thumb Code    10  stm32f10x_iwdg.o(i.IWDG_ReloadCounter)
    Key_GPIO_Config                          0x08000d7d   Thumb Code    54  bsp_key.o(i.Key_GPIO_Config)
    Key_Scan                                 0x08000dbd   Thumb Code    52  bsp_key.o(i.Key_Scan)
    LED_GPIO_Config                          0x08000df1   Thumb Code    90  bsp_led.o(i.LED_GPIO_Config)
    LookUSART1_GetBuffCount                  0x08000e51   Thumb Code     6  bsp_usart1.o(i.LookUSART1_GetBuffCount)
    LookUSART2_GetBuffCount                  0x08000e5d   Thumb Code     6  bsp_usart2.o(i.LookUSART2_GetBuffCount)
    MemManage_Handler                        0x08000e69   Thumb Code    10  stm32f10x_it.o(i.MemManage_Handler)
    NMI_Handler                              0x08000e85   Thumb Code     2  stm32f10x_it.o(i.NMI_Handler)
    NVIC_Configuration                       0x08000e87   Thumb Code    42  timer.o(i.NVIC_Configuration)
    NVIC_Init                                0x08000eb1   Thumb Code   100  misc.o(i.NVIC_Init)
    NVIC_PriorityGroupConfig                 0x08000f21   Thumb Code    10  misc.o(i.NVIC_PriorityGroupConfig)
    PWR_OFF                                  0x08000f35   Thumb Code    60  sim800l.o(i.PWR_OFF)
    PWR_ON                                   0x08000f75   Thumb Code    84  sim800l.o(i.PWR_ON)
    PendSV_Handler                           0x08000fcd   Thumb Code     2  stm32f10x_it.o(i.PendSV_Handler)
    RCC_AHBPeriphClockCmd                    0x08000fd1   Thumb Code    26  stm32f10x_rcc.o(i.RCC_AHBPeriphClockCmd)
    RCC_APB1PeriphClockCmd                   0x08000ff1   Thumb Code    26  stm32f10x_rcc.o(i.RCC_APB1PeriphClockCmd)
    RCC_APB2PeriphClockCmd                   0x08001011   Thumb Code    26  stm32f10x_rcc.o(i.RCC_APB2PeriphClockCmd)
    RCC_Configuration                        0x08001031   Thumb Code   138  timer.o(i.RCC_Configuration)
    RCC_DeInit                               0x080010c5   Thumb Code    64  stm32f10x_rcc.o(i.RCC_DeInit)
    RCC_GetClocksFreq                        0x08001111   Thumb Code   192  stm32f10x_rcc.o(i.RCC_GetClocksFreq)
    RCC_GetFlagStatus                        0x080011e5   Thumb Code    56  stm32f10x_rcc.o(i.RCC_GetFlagStatus)
    RCC_GetSYSCLKSource                      0x08001221   Thumb Code    10  stm32f10x_rcc.o(i.RCC_GetSYSCLKSource)
    RCC_HCLKConfig                           0x08001231   Thumb Code    18  stm32f10x_rcc.o(i.RCC_HCLKConfig)
    RCC_HSEConfig                            0x08001249   Thumb Code    70  stm32f10x_rcc.o(i.RCC_HSEConfig)
    RCC_PCLK1Config                          0x08001295   Thumb Code    18  stm32f10x_rcc.o(i.RCC_PCLK1Config)
    RCC_PCLK2Config                          0x080012ad   Thumb Code    20  stm32f10x_rcc.o(i.RCC_PCLK2Config)
    RCC_PLLCmd                               0x080012c5   Thumb Code     6  stm32f10x_rcc.o(i.RCC_PLLCmd)
    RCC_PLLConfig                            0x080012d1   Thumb Code    24  stm32f10x_rcc.o(i.RCC_PLLConfig)
    RCC_SYSCLKConfig                         0x080012ed   Thumb Code    18  stm32f10x_rcc.o(i.RCC_SYSCLKConfig)
    RCC_WaitForHSEStartUp                    0x08001305   Thumb Code    56  stm32f10x_rcc.o(i.RCC_WaitForHSEStartUp)
    SDIO_IRQHandler                          0x0800133d   Thumb Code     2  stm32f10x_it.o(i.SDIO_IRQHandler)
    SIM_GPIO_Config                          0x08001341   Thumb Code    90  sim800l.o(i.SIM_GPIO_Config)
    SIM_RST                                  0x080013a5   Thumb Code    24  sim800l.o(i.SIM_RST)
    SVC_Handler                              0x080013bd   Thumb Code     2  stm32f10x_it.o(i.SVC_Handler)
    Sim_ini                                  0x080014a9   Thumb Code   244  sim800l.o(i.Sim_ini)
    SystemInit                               0x08001699   Thumb Code    78  system_stm32f10x.o(i.SystemInit)
    TIM2_Configuration                       0x080016f9   Thumb Code   200  timer.o(i.TIM2_Configuration)
    TIM2_IRQHandler                          0x080017d1   Thumb Code   282  stm32f10x_it.o(i.TIM2_IRQHandler)
    TIM_ClearITPendingBit                    0x08001921   Thumb Code     6  stm32f10x_tim.o(i.TIM_ClearITPendingBit)
    TIM_Cmd                                  0x08001927   Thumb Code    24  stm32f10x_tim.o(i.TIM_Cmd)
    TIM_GetCapture1                          0x0800193f   Thumb Code     6  stm32f10x_tim.o(i.TIM_GetCapture1)
    TIM_GetCapture2                          0x08001945   Thumb Code     6  stm32f10x_tim.o(i.TIM_GetCapture2)
    TIM_GetCapture3                          0x0800194b   Thumb Code     6  stm32f10x_tim.o(i.TIM_GetCapture3)
    TIM_GetCapture4                          0x08001951   Thumb Code     8  stm32f10x_tim.o(i.TIM_GetCapture4)
    TIM_GetITStatus                          0x08001959   Thumb Code    34  stm32f10x_tim.o(i.TIM_GetITStatus)
    TIM_ITConfig                             0x0800197b   Thumb Code    18  stm32f10x_tim.o(i.TIM_ITConfig)
    TIM_OC1Init                              0x0800198d   Thumb Code   132  stm32f10x_tim.o(i.TIM_OC1Init)
    TIM_OC1PreloadConfig                     0x08001a25   Thumb Code    18  stm32f10x_tim.o(i.TIM_OC1PreloadConfig)
    TIM_OC2Init                              0x08001a39   Thumb Code   154  stm32f10x_tim.o(i.TIM_OC2Init)
    TIM_OC2PreloadConfig                     0x08001add   Thumb Code    26  stm32f10x_tim.o(i.TIM_OC2PreloadConfig)
    TIM_OC3Init                              0x08001af9   Thumb Code   150  stm32f10x_tim.o(i.TIM_OC3Init)
    TIM_OC3PreloadConfig                     0x08001b99   Thumb Code    18  stm32f10x_tim.o(i.TIM_OC3PreloadConfig)
    TIM_OC4Init                              0x08001bad   Thumb Code   114  stm32f10x_tim.o(i.TIM_OC4Init)
    TIM_OC4PreloadConfig                     0x08001c29   Thumb Code    26  stm32f10x_tim.o(i.TIM_OC4PreloadConfig)
    TIM_PrescalerConfig                      0x08001c43   Thumb Code     6  stm32f10x_tim.o(i.TIM_PrescalerConfig)
    TIM_SetCompare1                          0x08001c49   Thumb Code     4  stm32f10x_tim.o(i.TIM_SetCompare1)
    TIM_SetCompare2                          0x08001c4d   Thumb Code     4  stm32f10x_tim.o(i.TIM_SetCompare2)
    TIM_SetCompare3                          0x08001c51   Thumb Code     4  stm32f10x_tim.o(i.TIM_SetCompare3)
    TIM_SetCompare4                          0x08001c55   Thumb Code     6  stm32f10x_tim.o(i.TIM_SetCompare4)
    TIM_TimeBaseInit                         0x08001c5d   Thumb Code   122  stm32f10x_tim.o(i.TIM_TimeBaseInit)
    USART1_Config                            0x08001d01   Thumb Code    50  bsp_usart1.o(i.USART1_Config)
    USART1_GPIO_Init                         0x08001d39   Thumb Code    62  bsp_usart1.o(i.USART1_GPIO_Init)
    USART1_GetByte                           0x08001d7d   Thumb Code    62  bsp_usart1.o(i.USART1_GetByte)
    USART1_IRQHandler                        0x08001dc1   Thumb Code   128  bsp_usart1.o(i.USART1_IRQHandler)
    USART1_Init                              0x08001e4d   Thumb Code    50  bsp_usart1.o(i.USART1_Init)
    USART1_NVIC_Init                         0x08001e89   Thumb Code    40  bsp_usart1.o(i.USART1_NVIC_Init)
    USART1_RX_Buffer_Clear                   0x08001eb1   Thumb Code    20  bsp_usart1.o(i.USART1_RX_Buffer_Clear)
    USART1_RX_Buffer_init                    0x08001ec9   Thumb Code    32  bsp_usart1.o(i.USART1_RX_Buffer_init)
    USART2_Config                            0x08001ef1   Thumb Code    50  bsp_usart2.o(i.USART2_Config)
    USART2_DMAS                              0x08001f29   Thumb Code    22  sim800l.o(i.USART2_DMAS)
    USART2_DMASS                             0x08001f41   Thumb Code   150  sim800l.o(i.USART2_DMASS)
    USART2_DMASendString                     0x08001fdd   Thumb Code    42  bsp_usart2.o(i.USART2_DMASendString)
    USART2_DMATxd_Init                       0x08002015   Thumb Code   116  bsp_usart2.o(i.USART2_DMATxd_Init)
    USART2_GPIO_Init                         0x08002095   Thumb Code    58  bsp_usart2.o(i.USART2_GPIO_Init)
    USART2_GetByte                           0x080020d5   Thumb Code    62  bsp_usart2.o(i.USART2_GetByte)
    USART2_IRQHandler                        0x08002119   Thumb Code   128  bsp_usart2.o(i.USART2_IRQHandler)
    USART2_Init                              0x080021a5   Thumb Code    50  bsp_usart2.o(i.USART2_Init)
    USART2_NVIC_Init                         0x080021e1   Thumb Code    42  bsp_usart2.o(i.USART2_NVIC_Init)
    USART2_RX_Buffer_Clear                   0x0800220d   Thumb Code    20  bsp_usart2.o(i.USART2_RX_Buffer_Clear)
    USART2_RX_Buffer_init                    0x08002225   Thumb Code    32  bsp_usart2.o(i.USART2_RX_Buffer_init)
    USART2_SendByte                          0x0800224d   Thumb Code    28  bsp_usart2.o(i.USART2_SendByte)
    USART_ClearITPendingBit                  0x0800226d   Thumb Code    30  stm32f10x_usart.o(i.USART_ClearITPendingBit)
    USART_Cmd                                0x0800228b   Thumb Code    24  stm32f10x_usart.o(i.USART_Cmd)
    USART_DMACmd                             0x080022a3   Thumb Code    18  stm32f10x_usart.o(i.USART_DMACmd)
    USART_GetFlagStatus                      0x080022b5   Thumb Code    26  stm32f10x_usart.o(i.USART_GetFlagStatus)
    USART_GetITStatus                        0x080022cf   Thumb Code    84  stm32f10x_usart.o(i.USART_GetITStatus)
    USART_ITConfig                           0x08002323   Thumb Code    74  stm32f10x_usart.o(i.USART_ITConfig)
    USART_Init                               0x0800236d   Thumb Code   210  stm32f10x_usart.o(i.USART_Init)
    USART_ReceiveData                        0x08002445   Thumb Code    10  stm32f10x_usart.o(i.USART_ReceiveData)
    USART_SendData                           0x0800244f   Thumb Code     8  stm32f10x_usart.o(i.USART_SendData)
    USB_HP_CAN1_TX_IRQHandler                0x08002457   Thumb Code     2  stm32f10x_it.o(i.USB_HP_CAN1_TX_IRQHandler)
    USB_LP_CAN1_RX0_IRQHandler               0x08002459   Thumb Code     2  stm32f10x_it.o(i.USB_LP_CAN1_RX0_IRQHandler)
    Uart1_buffer_Clr                         0x0800245d   Thumb Code    20  main.o(i.Uart1_buffer_Clr)
    UsageFault_Handler                       0x0800248d   Thumb Code    10  stm32f10x_it.o(i.UsageFault_Handler)
    __0printf                                0x080024a9   Thumb Code    22  printfa.o(i.__0printf)
    __1printf                                0x080024a9   Thumb Code     0  printfa.o(i.__0printf)
    __2printf                                0x080024a9   Thumb Code     0  printfa.o(i.__0printf)
    __c89printf                              0x080024a9   Thumb Code     0  printfa.o(i.__0printf)
    printf                                   0x080024a9   Thumb Code     0  printfa.o(i.__0printf)
    __scatterload_copy                       0x080024c9   Thumb Code    14  handlers.o(i.__scatterload_copy)
    __scatterload_null                       0x080024d7   Thumb Code     2  handlers.o(i.__scatterload_null)
    __scatterload_zeroinit                   0x080024d9   Thumb Code    14  handlers.o(i.__scatterload_zeroinit)
    fputc                                    0x08002db9   Thumb Code    50  printf_init.o(i.fputc)
    main                                     0x08002df1   Thumb Code   340  main.o(i.main)
    Region$$Table$$Base                      0x08002fbc   Number         0  anon$$obj.o(Region$$Table)
    Region$$Table$$Limit                     0x08002fdc   Number         0  anon$$obj.o(Region$$Table)
    CentL                                    0x20000014   Data           1  main.o(.data)
    CentR                                    0x20000015   Data           1  main.o(.data)
    PK_Cnt                                   0x20000016   Data           1  main.o(.data)
    FLAG_BLE_CTS0                            0x20000017   Data           1  main.o(.data)
    FLAG_BLE_CTS1                            0x20000018   Data           1  main.o(.data)
    FLAG_LONG                                0x20000019   Data           1  main.o(.data)
    flag_send                                0x2000001a   Data           1  main.o(.data)
    flag_get                                 0x2000001b   Data           1  main.o(.data)
    flag_cbc                                 0x2000001c   Data           1  main.o(.data)
    flag_gps                                 0x2000001d   Data           1  main.o(.data)
    flag_svs                                 0x2000001e   Data           1  main.o(.data)
    flag_pos                                 0x2000001f   Data           1  main.o(.data)
    hd                                       0x20000020   Data           7  main.o(.data)
    id                                       0x20000027   Data           9  main.o(.data)
    tp                                       0x20000030   Data           2  main.o(.data)
    lat                                      0x20000032   Data          10  main.o(.data)
    lng                                      0x2000003c   Data          11  main.o(.data)
    cbc                                      0x20000047   Data           4  main.o(.data)
    end                                      0x2000004b   Data           4  main.o(.data)
    ip                                       0x2000004f   Data          18  main.o(.data)
    pt                                       0x20000061   Data           6  main.o(.data)
    sts                                      0x20000067   Data           1  main.o(.data)
    flag_rst                                 0x20000068   Data           1  main.o(.data)
    flag_cool                                0x20000069   Data           1  main.o(.data)
    flag_gsm                                 0x2000006a   Data           1  main.o(.data)
    Key_flag                                 0x2000006b   Data           1  main.o(.data)
    rec_cmd                                  0x2000006c   Data           1  stm32f10x_it.o(.data)
    TM_GPS                                   0x2000006e   Data           2  stm32f10x_it.o(.data)
    TM_SEND                                  0x20000070   Data           2  stm32f10x_it.o(.data)
    TM_GET                                   0x20000072   Data           2  stm32f10x_it.o(.data)
    T_GPS                                    0x20000074   Data           2  stm32f10x_it.o(.data)
    T_SEND                                   0x20000076   Data           2  stm32f10x_it.o(.data)
    T_GET                                    0x20000078   Data           2  stm32f10x_it.o(.data)
    T_FLASH                                  0x2000007a   Data           2  stm32f10x_it.o(.data)
    T_U1                                     0x2000007c   Data           2  stm32f10x_it.o(.data)
    T_U1_EN                                  0x2000007e   Data           1  stm32f10x_it.o(.data)
    cntt                                     0x20000080   Data           2  stm32f10x_it.o(.data)
    USART1_Real                              0x20000088   Data          28  bsp_usart1.o(.data)
    USART2_Real                              0x200000a8   Data          28  bsp_usart2.o(.data)
    __stdout                                 0x200000c8   Data           4  printf_init.o(.data)
    CCR1_Val                                 0x200000cc   Data           2  timer.o(.data)
    CCR2_Val                                 0x200000ce   Data           2  timer.o(.data)
    CCR3_Val                                 0x200000d0   Data           2  timer.o(.data)
    CCR4_Val                                 0x200000d2   Data           2  timer.o(.data)
    FLAG_TEST                                0x200000d4   Data           1  timer.o(.data)
    uart3_buff                               0x200000d8   Data         255  main.o(.bss)
    U1RECV                                   0x200001d7   Data          50  main.o(.bss)
    U1SEND                                   0x20000209   Data          50  main.o(.bss)
    U1TOU2                                   0x2000023b   Data          50  main.o(.bss)
    U2TOU1                                   0x2000026d   Data          50  main.o(.bss)
    U2RECV                                   0x2000029f   Data          50  main.o(.bss)
    U2SEND                                   0x200002d1   Data          50  main.o(.bss)
    Ub                                       0x20000303   Data         256  main.o(.bss)
    Uart1_buffer                             0x20000403   Data         256  main.o(.bss)
    temp_buffer                              0x20000503   Data         256  main.o(.bss)
    __initial_sp                             0x20000e08   Data           0  startup_stm32f10x_hd.o(STACK)



==============================================================================

Memory Map of the image

  Image Entry point : 0x08000131

  Load Region LR_IROM1 (Base: 0x08000000, Size: 0x000030b4, Max: 0x00080000, ABSOLUTE)

    Execution Region ER_IROM1 (Base: 0x08000000, Size: 0x00002fdc, Max: 0x00080000, ABSOLUTE)

    Base Addr    Size         Type   Attr      Idx    E Section Name        Object

    0x08000000   0x00000130   Data   RO            3    RESET               startup_stm32f10x_hd.o
    0x08000130   0x00000000   Code   RO         4013  * .ARM.Collect$$$$00000000  mc_w.l(entry.o)
    0x08000130   0x00000004   Code   RO         4285    .ARM.Collect$$$$00000001  mc_w.l(entry2.o)
    0x08000134   0x00000004   Code   RO         4288    .ARM.Collect$$$$00000004  mc_w.l(entry5.o)
    0x08000138   0x00000000   Code   RO         4290    .ARM.Collect$$$$00000008  mc_w.l(entry7b.o)
    0x08000138   0x00000000   Code   RO         4292    .ARM.Collect$$$$0000000A  mc_w.l(entry8b.o)
    0x08000138   0x00000008   Code   RO         4293    .ARM.Collect$$$$0000000B  mc_w.l(entry9a.o)
    0x08000140   0x00000000   Code   RO         4295    .ARM.Collect$$$$0000000D  mc_w.l(entry10a.o)
    0x08000140   0x00000000   Code   RO         4297    .ARM.Collect$$$$0000000F  mc_w.l(entry11a.o)
    0x08000140   0x00000004   Code   RO         4286    .ARM.Collect$$$$00002712  mc_w.l(entry2.o)
    0x08000144   0x00000024   Code   RO            4    .text               startup_stm32f10x_hd.o
    0x08000168   0x00000024   Code   RO         4016    .text               mc_w.l(memcpya.o)
    0x0800018c   0x00000024   Code   RO         4018    .text               mc_w.l(strstr.o)
    0x080001b0   0x0000000e   Code   RO         4020    .text               mc_w.l(strlen.o)
    0x080001be   0x0000002c   Code   RO         4299    .text               mc_w.l(uidiv.o)
    0x080001ea   0x00000062   Code   RO         4301    .text               mc_w.l(uldiv.o)
    0x0800024c   0x00000000   Code   RO         4303    .text               mc_w.l(iusefp.o)
    0x0800024c   0x0000014e   Code   RO         4304    .text               mf_w.l(dadd.o)
    0x0800039a   0x000000e4   Code   RO         4306    .text               mf_w.l(dmul.o)
    0x0800047e   0x000000de   Code   RO         4308    .text               mf_w.l(ddiv.o)
    0x0800055c   0x00000030   Code   RO         4310    .text               mf_w.l(dfixul.o)
    0x0800058c   0x00000030   Code   RO         4312    .text               mf_w.l(cdrcmple.o)
    0x080005bc   0x00000024   Code   RO         4314    .text               mc_w.l(init.o)
    0x080005e0   0x0000001e   Code   RO         4316    .text               mc_w.l(llshl.o)
    0x080005fe   0x00000020   Code   RO         4318    .text               mc_w.l(llushr.o)
    0x0800061e   0x00000024   Code   RO         4320    .text               mc_w.l(llsshr.o)
    0x08000642   0x000000ba   Code   RO         4322    .text               mf_w.l(depilogue.o)
    0x080006fc   0x00000018   Code   RO         3197    i.BusFault_Handler  stm32f10x_it.o
    0x08000714   0x00000094   Code   RO         3772    i.Connect_Server    sim800l.o
    0x080007a8   0x000000b8   Code   RO         3773    i.Creg_CK           sim800l.o
    0x08000860   0x00000030   Code   RO         3371    i.DMA1_Channel4_IRQHandler  bsp_usart1.o
    0x08000890   0x00000030   Code   RO         3508    i.DMA1_Channel7_IRQHandler  bsp_usart2.o
    0x080008c0   0x0000001c   Code   RO          857    i.DMA_ClearFlag     stm32f10x_dma.o
    0x080008dc   0x00000018   Code   RO          859    i.DMA_Cmd           stm32f10x_dma.o
    0x080008f4   0x0000014c   Code   RO          860    i.DMA_DeInit        stm32f10x_dma.o
    0x08000a40   0x0000002c   Code   RO          862    i.DMA_GetFlagStatus  stm32f10x_dma.o
    0x08000a6c   0x00000012   Code   RO          864    i.DMA_ITConfig      stm32f10x_dma.o
    0x08000a7e   0x0000003c   Code   RO          865    i.DMA_Init          stm32f10x_dma.o
    0x08000aba   0x00000002   Code   RO         3198    i.DebugMon_Handler  stm32f10x_it.o
    0x08000abc   0x00000014   Code   RO         3774    i.Delay_MS          sim800l.o
    0x08000ad0   0x0000001c   Code   RO         1000    i.FLASH_PrefetchBufferCmd  stm32f10x_flash.o
    0x08000aec   0x00000018   Code   RO         1005    i.FLASH_SetLatency  stm32f10x_flash.o
    0x08000b04   0x00000116   Code   RO         1283    i.GPIO_Init         stm32f10x_gpio.o
    0x08000c1a   0x00000002   PAD
    0x08000c1c   0x00000090   Code   RO         1285    i.GPIO_PinRemapConfig  stm32f10x_gpio.o
    0x08000cac   0x00000012   Code   RO         1287    i.GPIO_ReadInputDataBit  stm32f10x_gpio.o
    0x08000cbe   0x00000004   Code   RO         1290    i.GPIO_ResetBits    stm32f10x_gpio.o
    0x08000cc2   0x00000004   Code   RO         1291    i.GPIO_SetBits      stm32f10x_gpio.o
    0x08000cc6   0x00000002   PAD
    0x08000cc8   0x00000014   Code   RO         3782    i.GetKeySTA         sim800l.o
    0x08000cdc   0x0000004c   Code   RO         3109    i.Get_Weight        main.o
    0x08000d28   0x0000001c   Code   RO         3199    i.HardFault_Handler  stm32f10x_it.o
    0x08000d44   0x00000014   Code   RO         3331    i.ISO_Init          bsp_iso_test.o
    0x08000d58   0x00000010   Code   RO         1600    i.IWDG_ReloadCounter  stm32f10x_iwdg.o
    0x08000d68   0x00000012   Code   RO         3945    i.Key_Delay         bsp_key.o
    0x08000d7a   0x00000002   PAD
    0x08000d7c   0x00000040   Code   RO         3946    i.Key_GPIO_Config   bsp_key.o
    0x08000dbc   0x00000034   Code   RO         3947    i.Key_Scan          bsp_key.o
    0x08000df0   0x00000060   Code   RO         3686    i.LED_GPIO_Config   bsp_led.o
    0x08000e50   0x0000000c   Code   RO         3373    i.LookUSART1_GetBuffCount  bsp_usart1.o
    0x08000e5c   0x0000000c   Code   RO         3510    i.LookUSART2_GetBuffCount  bsp_usart2.o
    0x08000e68   0x0000001c   Code   RO         3200    i.MemManage_Handler  stm32f10x_it.o
    0x08000e84   0x00000002   Code   RO         3201    i.NMI_Handler       stm32f10x_it.o
    0x08000e86   0x0000002a   Code   RO         3706    i.NVIC_Configuration  timer.o
    0x08000eb0   0x00000070   Code   RO          116    i.NVIC_Init         misc.o
    0x08000f20   0x00000014   Code   RO          117    i.NVIC_PriorityGroupConfig  misc.o
    0x08000f34   0x00000040   Code   RO         3784    i.PWR_OFF           sim800l.o
    0x08000f74   0x00000058   Code   RO         3785    i.PWR_ON            sim800l.o
    0x08000fcc   0x00000002   Code   RO         3202    i.PendSV_Handler    stm32f10x_it.o
    0x08000fce   0x00000002   PAD
    0x08000fd0   0x00000020   Code   RO         1704    i.RCC_AHBPeriphClockCmd  stm32f10x_rcc.o
    0x08000ff0   0x00000020   Code   RO         1705    i.RCC_APB1PeriphClockCmd  stm32f10x_rcc.o
    0x08001010   0x00000020   Code   RO         1707    i.RCC_APB2PeriphClockCmd  stm32f10x_rcc.o
    0x08001030   0x00000094   Code   RO         3707    i.RCC_Configuration  timer.o
    0x080010c4   0x0000004c   Code   RO         1714    i.RCC_DeInit        stm32f10x_rcc.o
    0x08001110   0x000000d4   Code   RO         1715    i.RCC_GetClocksFreq  stm32f10x_rcc.o
    0x080011e4   0x0000003c   Code   RO         1716    i.RCC_GetFlagStatus  stm32f10x_rcc.o
    0x08001220   0x00000010   Code   RO         1718    i.RCC_GetSYSCLKSource  stm32f10x_rcc.o
    0x08001230   0x00000018   Code   RO         1719    i.RCC_HCLKConfig    stm32f10x_rcc.o
    0x08001248   0x0000004c   Code   RO         1720    i.RCC_HSEConfig     stm32f10x_rcc.o
    0x08001294   0x00000018   Code   RO         1726    i.RCC_PCLK1Config   stm32f10x_rcc.o
    0x080012ac   0x00000018   Code   RO         1727    i.RCC_PCLK2Config   stm32f10x_rcc.o
    0x080012c4   0x0000000c   Code   RO         1728    i.RCC_PLLCmd        stm32f10x_rcc.o
    0x080012d0   0x0000001c   Code   RO         1729    i.RCC_PLLConfig     stm32f10x_rcc.o
    0x080012ec   0x00000018   Code   RO         1732    i.RCC_SYSCLKConfig  stm32f10x_rcc.o
    0x08001304   0x00000038   Code   RO         1734    i.RCC_WaitForHSEStartUp  stm32f10x_rcc.o
    0x0800133c   0x00000002   Code   RO         3203    i.SDIO_IRQHandler   stm32f10x_it.o
    0x0800133e   0x00000002   PAD
    0x08001340   0x00000064   Code   RO         3786    i.SIM_GPIO_Config   sim800l.o
    0x080013a4   0x00000018   Code   RO         3787    i.SIM_RST           sim800l.o
    0x080013bc   0x00000002   Code   RO         3204    i.SVC_Handler       stm32f10x_it.o
    0x080013be   0x00000008   Code   RO           24    i.SetSysClock       system_stm32f10x.o
    0x080013c6   0x00000002   PAD
    0x080013c8   0x000000e0   Code   RO           25    i.SetSysClockTo72   system_stm32f10x.o
    0x080014a8   0x000001f0   Code   RO         3789    i.Sim_ini           sim800l.o
    0x08001698   0x00000060   Code   RO           27    i.SystemInit        system_stm32f10x.o
    0x080016f8   0x000000d8   Code   RO         3708    i.TIM2_Configuration  timer.o
    0x080017d0   0x00000150   Code   RO         3205    i.TIM2_IRQHandler   stm32f10x_it.o
    0x08001920   0x00000006   Code   RO         2334    i.TIM_ClearITPendingBit  stm32f10x_tim.o
    0x08001926   0x00000018   Code   RO         2339    i.TIM_Cmd           stm32f10x_tim.o
    0x0800193e   0x00000006   Code   RO         2354    i.TIM_GetCapture1   stm32f10x_tim.o
    0x08001944   0x00000006   Code   RO         2355    i.TIM_GetCapture2   stm32f10x_tim.o
    0x0800194a   0x00000006   Code   RO         2356    i.TIM_GetCapture3   stm32f10x_tim.o
    0x08001950   0x00000008   Code   RO         2357    i.TIM_GetCapture4   stm32f10x_tim.o
    0x08001958   0x00000022   Code   RO         2360    i.TIM_GetITStatus   stm32f10x_tim.o
    0x0800197a   0x00000012   Code   RO         2364    i.TIM_ITConfig      stm32f10x_tim.o
    0x0800198c   0x00000098   Code   RO         2368    i.TIM_OC1Init       stm32f10x_tim.o
    0x08001a24   0x00000012   Code   RO         2371    i.TIM_OC1PreloadConfig  stm32f10x_tim.o
    0x08001a36   0x00000002   PAD
    0x08001a38   0x000000a4   Code   RO         2373    i.TIM_OC2Init       stm32f10x_tim.o
    0x08001adc   0x0000001a   Code   RO         2376    i.TIM_OC2PreloadConfig  stm32f10x_tim.o
    0x08001af6   0x00000002   PAD
    0x08001af8   0x000000a0   Code   RO         2378    i.TIM_OC3Init       stm32f10x_tim.o
    0x08001b98   0x00000012   Code   RO         2381    i.TIM_OC3PreloadConfig  stm32f10x_tim.o
    0x08001baa   0x00000002   PAD
    0x08001bac   0x0000007c   Code   RO         2383    i.TIM_OC4Init       stm32f10x_tim.o
    0x08001c28   0x0000001a   Code   RO         2385    i.TIM_OC4PreloadConfig  stm32f10x_tim.o
    0x08001c42   0x00000006   Code   RO         2388    i.TIM_PrescalerConfig  stm32f10x_tim.o
    0x08001c48   0x00000004   Code   RO         2400    i.TIM_SetCompare1   stm32f10x_tim.o
    0x08001c4c   0x00000004   Code   RO         2401    i.TIM_SetCompare2   stm32f10x_tim.o
    0x08001c50   0x00000004   Code   RO         2402    i.TIM_SetCompare3   stm32f10x_tim.o
    0x08001c54   0x00000006   Code   RO         2403    i.TIM_SetCompare4   stm32f10x_tim.o
    0x08001c5a   0x00000002   PAD
    0x08001c5c   0x000000a4   Code   RO         2410    i.TIM_TimeBaseInit  stm32f10x_tim.o
    0x08001d00   0x00000038   Code   RO         3376    i.USART1_Config     bsp_usart1.o
    0x08001d38   0x00000044   Code   RO         3379    i.USART1_GPIO_Init  bsp_usart1.o
    0x08001d7c   0x00000044   Code   RO         3380    i.USART1_GetByte    bsp_usart1.o
    0x08001dc0   0x0000008c   Code   RO         3383    i.USART1_IRQHandler  bsp_usart1.o
    0x08001e4c   0x0000003c   Code   RO         3384    i.USART1_Init       bsp_usart1.o
    0x08001e88   0x00000028   Code   RO         3385    i.USART1_NVIC_Init  bsp_usart1.o
    0x08001eb0   0x00000018   Code   RO         3386    i.USART1_RX_Buffer_Clear  bsp_usart1.o
    0x08001ec8   0x00000028   Code   RO         3387    i.USART1_RX_Buffer_init  bsp_usart1.o
    0x08001ef0   0x00000038   Code   RO         3513    i.USART2_Config     bsp_usart2.o
    0x08001f28   0x00000016   Code   RO         3791    i.USART2_DMAS       sim800l.o
    0x08001f3e   0x00000002   PAD
    0x08001f40   0x0000009c   Code   RO         3792    i.USART2_DMASS      sim800l.o
    0x08001fdc   0x00000038   Code   RO         3514    i.USART2_DMASendString  bsp_usart2.o
    0x08002014   0x00000080   Code   RO         3515    i.USART2_DMATxd_Init  bsp_usart2.o
    0x08002094   0x00000040   Code   RO         3516    i.USART2_GPIO_Init  bsp_usart2.o
    0x080020d4   0x00000044   Code   RO         3517    i.USART2_GetByte    bsp_usart2.o
    0x08002118   0x0000008c   Code   RO         3520    i.USART2_IRQHandler  bsp_usart2.o
    0x080021a4   0x0000003c   Code   RO         3521    i.USART2_Init       bsp_usart2.o
    0x080021e0   0x0000002a   Code   RO         3522    i.USART2_NVIC_Init  bsp_usart2.o
    0x0800220a   0x00000002   PAD
    0x0800220c   0x00000018   Code   RO         3523    i.USART2_RX_Buffer_Clear  bsp_usart2.o
    0x08002224   0x00000028   Code   RO         3524    i.USART2_RX_Buffer_init  bsp_usart2.o
    0x0800224c   0x00000020   Code   RO         3525    i.USART2_SendByte   bsp_usart2.o
    0x0800226c   0x0000001e   Code   RO         2872    i.USART_ClearITPendingBit  stm32f10x_usart.o
    0x0800228a   0x00000018   Code   RO         2875    i.USART_Cmd         stm32f10x_usart.o
    0x080022a2   0x00000012   Code   RO         2876    i.USART_DMACmd      stm32f10x_usart.o
    0x080022b4   0x0000001a   Code   RO         2878    i.USART_GetFlagStatus  stm32f10x_usart.o
    0x080022ce   0x00000054   Code   RO         2879    i.USART_GetITStatus  stm32f10x_usart.o
    0x08002322   0x0000004a   Code   RO         2881    i.USART_ITConfig    stm32f10x_usart.o
    0x0800236c   0x000000d8   Code   RO         2882    i.USART_Init        stm32f10x_usart.o
    0x08002444   0x0000000a   Code   RO         2889    i.USART_ReceiveData  stm32f10x_usart.o
    0x0800244e   0x00000008   Code   RO         2892    i.USART_SendData    stm32f10x_usart.o
    0x08002456   0x00000002   Code   RO         3206    i.USB_HP_CAN1_TX_IRQHandler  stm32f10x_it.o
    0x08002458   0x00000002   Code   RO         3207    i.USB_LP_CAN1_RX0_IRQHandler  stm32f10x_it.o
    0x0800245a   0x00000002   PAD
    0x0800245c   0x00000018   Code   RO         3112    i.Uart1_buffer_Clr  main.o
    0x08002474   0x00000018   Code   RO         3794    i.Ub_Clr            sim800l.o
    0x0800248c   0x0000001c   Code   RO         3208    i.UsageFault_Handler  stm32f10x_it.o
    0x080024a8   0x00000020   Code   RO         4257    i.__0printf         mc_w.l(printfa.o)
    0x080024c8   0x0000000e   Code   RO         4326    i.__scatterload_copy  mc_w.l(handlers.o)
    0x080024d6   0x00000002   Code   RO         4327    i.__scatterload_null  mc_w.l(handlers.o)
    0x080024d8   0x0000000e   Code   RO         4328    i.__scatterload_zeroinit  mc_w.l(handlers.o)
    0x080024e6   0x00000002   PAD
    0x080024e8   0x00000184   Code   RO         4264    i._fp_digits        mc_w.l(printfa.o)
    0x0800266c   0x000006dc   Code   RO         4265    i._printf_core      mc_w.l(printfa.o)
    0x08002d48   0x00000024   Code   RO         4266    i._printf_post_padding  mc_w.l(printfa.o)
    0x08002d6c   0x0000002e   Code   RO         4267    i._printf_pre_padding  mc_w.l(printfa.o)
    0x08002d9a   0x0000001e   Code   RO         3113    i.delay             main.o
    0x08002db8   0x00000038   Code   RO         3647    i.fputc             printf_init.o
    0x08002df0   0x000001cc   Code   RO         3114    i.main              main.o
    0x08002fbc   0x00000020   Data   RO         4324    Region$$Table       anon$$obj.o


    Execution Region RW_IRAM1 (Base: 0x20000000, Size: 0x00000e08, Max: 0x00010000, ABSOLUTE)

    Base Addr    Size         Type   Attr      Idx    E Section Name        Object

    0x20000000   0x00000014   Data   RW         1735    .data               stm32f10x_rcc.o
    0x20000014   0x00000058   Data   RW         3116    .data               main.o
    0x2000006c   0x00000016   Data   RW         3209    .data               stm32f10x_it.o
    0x20000082   0x00000002   PAD
    0x20000084   0x00000020   Data   RW         3392    .data               bsp_usart1.o
    0x200000a4   0x00000020   Data   RW         3529    .data               bsp_usart2.o
    0x200000c4   0x00000008   Data   RW         3648    .data               printf_init.o
    0x200000cc   0x00000009   Data   RW         3709    .data               timer.o
    0x200000d5   0x00000003   PAD
    0x200000d8   0x0000052b   Zero   RW         3115    .bss                main.o
    0x20000603   0x00000200   Zero   RW         3391    .bss                bsp_usart1.o
    0x20000803   0x00000200   Zero   RW         3528    .bss                bsp_usart2.o
    0x20000a03   0x00000005   PAD
    0x20000a08   0x00000400   Zero   RW            1    STACK               startup_stm32f10x_hd.o


==============================================================================

Image component sizes


      Code (inc. data)   RO Data    RW Data    ZI Data      Debug   Object Name

        20          0          0          0          0        447   bsp_iso_test.o
       134         10          0          0          0       1825   bsp_key.o
        96          6          0          0          0        498   bsp_led.o
       556         66          0         32        512       6215   bsp_usart1.o
       770         96          0         32        512       7607   bsp_usart2.o
         0          0          0          0          0       4540   core_cm3.o
       590        128          0         88       1323       4498   main.o
       132         22          0          0          0       1451   misc.o
        56          6          0          8          0       2330   printf_init.o
      1346        426          0          0          0       7434   sim800l.o
        36          8        304          0       1024        840   startup_stm32f10x_hd.o
       506         26          0          0          0       4941   stm32f10x_dma.o
        52         12          0          0          0       1045   stm32f10x_flash.o
       448          6          0          0          0       4334   stm32f10x_gpio.o
       458        122          0         22          0       7133   stm32f10x_it.o
        16          6          0          0          0        449   stm32f10x_iwdg.o
       728         98          0         20          0      10638   stm32f10x_rcc.o
       984         92          0          0          0      13032   stm32f10x_tim.o
       490          6          0          0          0       7130   stm32f10x_usart.o
       328         28          0          0          0     259929   system_stm32f10x.o
       406         26          0          9          0       1994   timer.o

    ----------------------------------------------------------------------
      8178       1190        336        216       3376     348310   Object Totals
         0          0         32          0          0          0   (incl. Generated)
        26          0          0          5          5          0   (incl. Padding)

    ----------------------------------------------------------------------

      Code (inc. data)   RO Data    RW Data    ZI Data      Debug   Library Member Name

         0          0          0          0          0          0   entry.o
         0          0          0          0          0          0   entry10a.o
         0          0          0          0          0          0   entry11a.o
         8          4          0          0          0          0   entry2.o
         4          0          0          0          0          0   entry5.o
         0          0          0          0          0          0   entry7b.o
         0          0          0          0          0          0   entry8b.o
         8          4          0          0          0          0   entry9a.o
        30          0          0          0          0          0   handlers.o
        36          8          0          0          0         68   init.o
         0          0          0          0          0          0   iusefp.o
        30          0          0          0          0         68   llshl.o
        36          0          0          0          0         68   llsshr.o
        32          0          0          0          0         68   llushr.o
        36          0          0          0          0         68   memcpya.o
      2258         90          0          0          0        452   printfa.o
        14          0          0          0          0         68   strlen.o
        36          0          0          0          0         80   strstr.o
        44          0          0          0          0         80   uidiv.o
        98          0          0          0          0         92   uldiv.o
        48          0          0          0          0         68   cdrcmple.o
       334          0          0          0          0        148   dadd.o
       222          0          0          0          0        100   ddiv.o
       186          0          0          0          0        176   depilogue.o
        48          0          0          0          0         68   dfixul.o
       228          0          0          0          0         96   dmul.o

    ----------------------------------------------------------------------
      3738        106          0          0          0       1768   Library Totals
         2          0          0          0          0          0   (incl. Padding)

    ----------------------------------------------------------------------

      Code (inc. data)   RO Data    RW Data    ZI Data      Debug   Library Name

      2670        106          0          0          0       1112   mc_w.l
      1066          0          0          0          0        656   mf_w.l

    ----------------------------------------------------------------------
      3738        106          0          0          0       1768   Library Totals

    ----------------------------------------------------------------------

==============================================================================


      Code (inc. data)   RO Data    RW Data    ZI Data      Debug   

     11916       1296        336        216       3376     343054   Grand Totals
     11916       1296        336        216       3376     343054   ELF Image Totals
     11916       1296        336        216          0          0   ROM Totals

==============================================================================

    Total RO  Size (Code + RO Data)                12252 (  11.96kB)
    Total RW  Size (RW Data + ZI Data)              3592 (   3.51kB)
    Total ROM Size (Code + RO Data + RW Data)      12468 (  12.18kB)

==============================================================================

