<html>
<body>
<pre>
<h1>µVision Build Log</h1>
<h2>Tool Versions:</h2>
IDE-Version: ¦ÌVision V5.23.0.0
Copyright (C) 2017 ARM Ltd and ARM Germany GmbH. All rights reserved.
License Information:  ,  , LIC=WHY63-AK2X2-V17P8-3M9AP-NM03I-20955
 
Tool Versions:
Toolchain:       MDK-ARM Plus  Version: 5.23
Toolchain Path:  D:\SoftWare\keil523\install\ARM\ARMCC\Bin
C Compiler:      Armcc.exe V5.06 update 4 (build 422)
Assembler:       Armasm.exe V5.06 update 4 (build 422)
Linker/Locator:  ArmLink.exe V5.06 update 4 (build 422)
Library Manager: ArmAr.exe V5.06 update 4 (build 422)
Hex Converter:   FromElf.exe V5.06 update 4 (build 422)
CPU DLL:         SARMCM3.DLL V5.23
Dialog DLL:      DCM.DLL V1.15.0.0
Target DLL:      CMSIS_AGDI.dll V1.27.5.0
Dialog DLL:      TCM.DLL V1.27.0.0
 
<h2>Project:</h2>
D:\SoftWare\github\repository\stm32_project\USART1\Project\RVMDK£¨uv5£©\BH-F103.uvprojx
Project File Date:  06/04/2018

<h2>Output:</h2>
*** Using Compiler 'V5.06 update 4 (build 422)', folder: 'D:\SoftWare\keil523\install\ARM\ARMCC\Bin'
Build target 'USART'
compiling main.c...
..\..\User\sim7600\sim7600.h(30): warning:  #1-D: last line of file ends without a newline
  #endif
..\..\User\main.c(47): warning:  #128-D: loop is not reachable
      while(!Sim_ini()){
..\..\User\main.c: 2 warnings, 0 errors
linking...
Program Size: Code=10316 RO-data=336 RW-data=116 ZI-data=1796  
FromELF: creating hex file...
"..\..\Output\USART.axf" - 0 Error(s), 2 Warning(s).

<h2>Collection of Component include folders:</h2>
  .\RTE\_USART
  D:\SoftWare\keil523\install\ARM\PACK\Keil\STM32F1xx_DFP\2.2.0\Device\Include

<h2>Collection of Component Files used:</h2>
Build Time Elapsed:  00:00:06
</pre>
</body>
</html>
